0 verbose cli /home/ubuntu/.nvm/versions/node/v22.19.0/bin/node /home/ubuntu/.nvm/versions/node/v22.19.0/bin/npm
1 info using npm@10.9.3
2 info using node@v22.19.0
3 silly config load:file:/home/ubuntu/.nvm/versions/node/v22.19.0/lib/node_modules/npm/npmrc
4 silly config load:file:/home/ubuntu/git/.npmrc
5 silly config load:file:/home/ubuntu/.npmrc
6 silly config load:file:/home/ubuntu/.nvm/versions/node/v22.19.0/etc/npmrc
7 verbose title npm install express
8 verbose argv "install" "express"
9 verbose logfile logs-max:10 dir:/home/ubuntu/.npm/_logs/2025-10-08T17_19_49_985Z-
10 verbose logfile /home/ubuntu/.npm/_logs/2025-10-08T17_19_49_985Z-debug-0.log
11 silly logfile done cleaning log files
12 silly packumentCache heap:1027080192 maxSize:256770048 maxEntrySize:128385024
13 silly idealTree buildDeps
14 silly fetch manifest express@*
15 silly packumentCache full:https://registry.npmjs.org/express cache-miss
16 http fetch GET 200 https://registry.npmjs.org/express 172ms (cache miss)
17 silly packumentCache full:https://registry.npmjs.org/express set size:undefined disposed:false
18 silly placeDep ROOT express@5.1.0 OK for:  want: *
19 silly fetch manifest qs@^6.14.0
20 silly packumentCache full:https://registry.npmjs.org/qs cache-miss
21 http fetch GET 200 https://registry.npmjs.org/qs 62ms (cache miss)
22 silly packumentCache full:https://registry.npmjs.org/qs set size:undefined disposed:false
23 silly fetch manifest etag@^1.8.1
24 silly packumentCache full:https://registry.npmjs.org/etag cache-miss
25 http fetch GET 200 https://registry.npmjs.org/etag 45ms (cache miss)
26 silly packumentCache full:https://registry.npmjs.org/etag set size:undefined disposed:false
27 silly fetch manifest once@^1.4.0
28 silly packumentCache full:https://registry.npmjs.org/once cache-miss
29 http fetch GET 200 https://registry.npmjs.org/once 34ms (cache miss)
30 silly packumentCache full:https://registry.npmjs.org/once set size:undefined disposed:false
31 silly fetch manifest send@^1.1.0
32 silly packumentCache full:https://registry.npmjs.org/send cache-miss
33 http fetch GET 200 https://registry.npmjs.org/send 48ms (cache miss)
34 silly packumentCache full:https://registry.npmjs.org/send set size:undefined disposed:false
35 silly fetch manifest vary@^1.1.2
36 silly packumentCache full:https://registry.npmjs.org/vary cache-miss
37 http fetch GET 200 https://registry.npmjs.org/vary 42ms (cache miss)
38 silly packumentCache full:https://registry.npmjs.org/vary set size:undefined disposed:false
39 silly fetch manifest debug@^4.4.0
40 silly packumentCache full:https://registry.npmjs.org/debug cache-miss
41 http fetch GET 200 https://registry.npmjs.org/debug 40ms (cache revalidated)
42 silly packumentCache full:https://registry.npmjs.org/debug set size:195840 disposed:false
43 silly fetch manifest fresh@^2.0.0
44 silly packumentCache full:https://registry.npmjs.org/fresh cache-miss
45 http fetch GET 200 https://registry.npmjs.org/fresh 36ms (cache miss)
46 silly packumentCache full:https://registry.npmjs.org/fresh set size:undefined disposed:false
47 silly fetch manifest cookie@^0.7.1
48 silly packumentCache full:https://registry.npmjs.org/cookie cache-miss
49 http fetch GET 200 https://registry.npmjs.org/cookie 46ms (cache miss)
50 silly packumentCache full:https://registry.npmjs.org/cookie set size:undefined disposed:false
51 silly fetch manifest router@^2.2.0
52 silly packumentCache full:https://registry.npmjs.org/router cache-miss
53 http fetch GET 200 https://registry.npmjs.org/router 42ms (cache miss)
54 silly packumentCache full:https://registry.npmjs.org/router set size:undefined disposed:false
55 silly fetch manifest accepts@^2.0.0
56 silly packumentCache full:https://registry.npmjs.org/accepts cache-miss
57 http fetch GET 200 https://registry.npmjs.org/accepts 59ms (cache miss)
58 silly packumentCache full:https://registry.npmjs.org/accepts set size:undefined disposed:false
59 silly fetch manifest type-is@^2.0.1
60 silly packumentCache full:https://registry.npmjs.org/type-is cache-miss
61 http fetch GET 200 https://registry.npmjs.org/type-is 44ms (cache miss)
62 silly packumentCache full:https://registry.npmjs.org/type-is set size:undefined disposed:false
63 silly fetch manifest parseurl@^1.3.3
64 silly packumentCache full:https://registry.npmjs.org/parseurl cache-miss
65 http fetch GET 200 https://registry.npmjs.org/parseurl 54ms (cache miss)
66 silly packumentCache full:https://registry.npmjs.org/parseurl set size:undefined disposed:false
67 silly fetch manifest statuses@^2.0.1
68 silly packumentCache full:https://registry.npmjs.org/statuses cache-miss
69 http fetch GET 200 https://registry.npmjs.org/statuses 45ms (cache miss)
70 silly packumentCache full:https://registry.npmjs.org/statuses set size:undefined disposed:false
71 silly fetch manifest encodeurl@^2.0.0
72 silly packumentCache full:https://registry.npmjs.org/encodeurl cache-miss
73 http fetch GET 200 https://registry.npmjs.org/encodeurl 38ms (cache miss)
74 silly packumentCache full:https://registry.npmjs.org/encodeurl set size:undefined disposed:false
75 silly fetch manifest mime-types@^3.0.0
76 silly packumentCache full:https://registry.npmjs.org/mime-types cache-miss
77 http fetch GET 200 https://registry.npmjs.org/mime-types 57ms (cache miss)
78 silly packumentCache full:https://registry.npmjs.org/mime-types set size:undefined disposed:false
79 silly fetch manifest proxy-addr@^2.0.7
80 silly packumentCache full:https://registry.npmjs.org/proxy-addr cache-miss
81 http fetch GET 200 https://registry.npmjs.org/proxy-addr 36ms (cache miss)
82 silly packumentCache full:https://registry.npmjs.org/proxy-addr set size:undefined disposed:false
83 silly fetch manifest body-parser@^2.2.0
84 silly packumentCache full:https://registry.npmjs.org/body-parser cache-miss
85 http fetch GET 200 https://registry.npmjs.org/body-parser 57ms (cache miss)
86 silly packumentCache full:https://registry.npmjs.org/body-parser set size:undefined disposed:false
87 silly fetch manifest escape-html@^1.0.3
88 silly packumentCache full:https://registry.npmjs.org/escape-html cache-miss
89 http fetch GET 200 https://registry.npmjs.org/escape-html 39ms (cache miss)
90 silly packumentCache full:https://registry.npmjs.org/escape-html set size:undefined disposed:false
91 silly fetch manifest http-errors@^2.0.0
92 silly packumentCache full:https://registry.npmjs.org/http-errors cache-miss
93 http fetch GET 200 https://registry.npmjs.org/http-errors 67ms (cache miss)
94 silly packumentCache full:https://registry.npmjs.org/http-errors set size:undefined disposed:false
95 silly fetch manifest on-finished@^2.4.1
96 silly packumentCache full:https://registry.npmjs.org/on-finished cache-miss
97 http fetch GET 200 https://registry.npmjs.org/on-finished 28ms (cache miss)
98 silly packumentCache full:https://registry.npmjs.org/on-finished set size:undefined disposed:false
99 silly fetch manifest content-type@^1.0.5
100 silly packumentCache full:https://registry.npmjs.org/content-type cache-miss
101 http fetch GET 200 https://registry.npmjs.org/content-type 36ms (cache miss)
102 silly packumentCache full:https://registry.npmjs.org/content-type set size:undefined disposed:false
103 silly fetch manifest finalhandler@^2.1.0
104 silly packumentCache full:https://registry.npmjs.org/finalhandler cache-miss
105 http fetch GET 200 https://registry.npmjs.org/finalhandler 47ms (cache miss)
106 silly packumentCache full:https://registry.npmjs.org/finalhandler set size:undefined disposed:false
107 silly fetch manifest range-parser@^1.2.1
108 silly packumentCache full:https://registry.npmjs.org/range-parser cache-miss
109 http fetch GET 200 https://registry.npmjs.org/range-parser 49ms (cache miss)
110 silly packumentCache full:https://registry.npmjs.org/range-parser set size:undefined disposed:false
111 silly fetch manifest serve-static@^2.2.0
112 silly packumentCache full:https://registry.npmjs.org/serve-static cache-miss
113 http fetch GET 200 https://registry.npmjs.org/serve-static 40ms (cache miss)
114 silly packumentCache full:https://registry.npmjs.org/serve-static set size:undefined disposed:false
115 silly fetch manifest cookie-signature@^1.2.1
116 silly packumentCache full:https://registry.npmjs.org/cookie-signature cache-miss
117 http fetch GET 200 https://registry.npmjs.org/cookie-signature 60ms (cache miss)
118 silly packumentCache full:https://registry.npmjs.org/cookie-signature set size:undefined disposed:false
119 silly fetch manifest merge-descriptors@^2.0.0
120 silly packumentCache full:https://registry.npmjs.org/merge-descriptors cache-miss
121 http fetch GET 200 https://registry.npmjs.org/merge-descriptors 32ms (cache miss)
122 silly packumentCache full:https://registry.npmjs.org/merge-descriptors set size:undefined disposed:false
123 silly fetch manifest content-disposition@^1.0.0
124 silly packumentCache full:https://registry.npmjs.org/content-disposition cache-miss
125 http fetch GET 200 https://registry.npmjs.org/content-disposition 98ms (cache miss)
126 silly packumentCache full:https://registry.npmjs.org/content-disposition set size:undefined disposed:false
127 silly placeDep ROOT accepts@2.0.0 OK for: express@5.1.0 want: ^2.0.0
128 silly placeDep ROOT body-parser@2.2.0 OK for: express@5.1.0 want: ^2.2.0
129 silly placeDep ROOT content-disposition@1.0.0 OK for: express@5.1.0 want: ^1.0.0
130 silly placeDep ROOT content-type@1.0.5 OK for: express@5.1.0 want: ^1.0.5
131 silly placeDep ROOT cookie@0.7.2 OK for: express@5.1.0 want: ^0.7.1
132 silly placeDep ROOT cookie-signature@1.2.2 OK for: express@5.1.0 want: ^1.2.1
133 silly placeDep ROOT debug@4.4.3 OK for: express@5.1.0 want: ^4.4.0
134 silly placeDep ROOT encodeurl@2.0.0 OK for: express@5.1.0 want: ^2.0.0
135 silly placeDep ROOT escape-html@1.0.3 OK for: express@5.1.0 want: ^1.0.3
136 silly placeDep ROOT etag@1.8.1 OK for: express@5.1.0 want: ^1.8.1
137 silly placeDep ROOT finalhandler@2.1.0 OK for: express@5.1.0 want: ^2.1.0
138 silly placeDep ROOT fresh@2.0.0 OK for: express@5.1.0 want: ^2.0.0
139 silly placeDep ROOT http-errors@2.0.0 OK for: express@5.1.0 want: ^2.0.0
140 silly placeDep ROOT merge-descriptors@2.0.0 OK for: express@5.1.0 want: ^2.0.0
141 silly placeDep ROOT mime-types@3.0.1 OK for: express@5.1.0 want: ^3.0.0
142 silly placeDep ROOT on-finished@2.4.1 OK for: express@5.1.0 want: ^2.4.1
143 silly placeDep ROOT once@1.4.0 OK for: express@5.1.0 want: ^1.4.0
144 silly placeDep ROOT parseurl@1.3.3 OK for: express@5.1.0 want: ^1.3.3
145 silly placeDep ROOT proxy-addr@2.0.7 OK for: express@5.1.0 want: ^2.0.7
146 silly placeDep ROOT qs@6.14.0 OK for: express@5.1.0 want: ^6.14.0
147 silly placeDep ROOT range-parser@1.2.1 OK for: express@5.1.0 want: ^1.2.1
148 silly placeDep ROOT router@2.2.0 OK for: express@5.1.0 want: ^2.2.0
149 silly placeDep ROOT send@1.2.0 OK for: express@5.1.0 want: ^1.1.0
150 silly placeDep ROOT serve-static@2.2.0 OK for: express@5.1.0 want: ^2.2.0
151 silly placeDep ROOT statuses@2.0.2 OK for: express@5.1.0 want: ^2.0.1
152 silly placeDep ROOT type-is@2.0.1 OK for: express@5.1.0 want: ^2.0.1
153 silly placeDep ROOT vary@1.1.2 OK for: express@5.1.0 want: ^1.1.2
154 silly fetch manifest negotiator@^1.0.0
155 silly packumentCache full:https://registry.npmjs.org/negotiator cache-miss
156 http fetch GET 200 https://registry.npmjs.org/negotiator 33ms (cache miss)
157 silly packumentCache full:https://registry.npmjs.org/negotiator set size:undefined disposed:false
158 silly fetch manifest bytes@^3.1.2
159 silly packumentCache full:https://registry.npmjs.org/bytes cache-miss
160 http fetch GET 200 https://registry.npmjs.org/bytes 27ms (cache miss)
161 silly packumentCache full:https://registry.npmjs.org/bytes set size:undefined disposed:false
162 silly fetch manifest iconv-lite@^0.6.3
163 silly packumentCache full:https://registry.npmjs.org/iconv-lite cache-miss
164 http fetch GET 200 https://registry.npmjs.org/iconv-lite 43ms (cache revalidated)
165 silly packumentCache full:https://registry.npmjs.org/iconv-lite set size:118890 disposed:false
166 silly fetch manifest raw-body@^3.0.0
167 silly packumentCache full:https://registry.npmjs.org/raw-body cache-miss
168 http fetch GET 200 https://registry.npmjs.org/raw-body 46ms (cache miss)
169 silly packumentCache full:https://registry.npmjs.org/raw-body set size:undefined disposed:false
170 silly fetch manifest type-is@^2.0.0
171 silly packumentCache full:https://registry.npmjs.org/type-is cache-miss
172 http cache https://registry.npmjs.org/type-is 18ms (cache hit)
173 silly packumentCache full:https://registry.npmjs.org/type-is set size:86196 disposed:false
174 silly fetch manifest safe-buffer@5.2.1
175 silly packumentCache full:https://registry.npmjs.org/safe-buffer cache-miss
176 http fetch GET 200 https://registry.npmjs.org/safe-buffer 30ms (cache revalidated)
177 silly packumentCache full:https://registry.npmjs.org/safe-buffer set size:41183 disposed:false
178 silly fetch manifest ms@^2.1.3
179 silly packumentCache full:https://registry.npmjs.org/ms cache-miss
180 http fetch GET 200 https://registry.npmjs.org/ms 29ms (cache revalidated)
181 silly packumentCache full:https://registry.npmjs.org/ms set size:92208 disposed:false
182 silly fetch manifest depd@2.0.0
183 silly packumentCache full:https://registry.npmjs.org/depd cache-miss
184 http fetch GET 200 https://registry.npmjs.org/depd 37ms (cache miss)
185 silly packumentCache full:https://registry.npmjs.org/depd set size:undefined disposed:false
186 silly fetch manifest inherits@2.0.4
187 silly packumentCache full:https://registry.npmjs.org/inherits cache-miss
188 http fetch GET 200 https://registry.npmjs.org/inherits 25ms (cache miss)
189 silly packumentCache full:https://registry.npmjs.org/inherits set size:undefined disposed:false
190 silly fetch manifest statuses@2.0.1
191 silly packumentCache full:https://registry.npmjs.org/statuses cache-miss
192 http cache https://registry.npmjs.org/statuses 3ms (cache hit)
193 silly packumentCache full:https://registry.npmjs.org/statuses set size:37117 disposed:false
194 silly fetch manifest toidentifier@1.0.1
195 silly packumentCache full:https://registry.npmjs.org/toidentifier cache-miss
196 http fetch GET 200 https://registry.npmjs.org/toidentifier 50ms (cache miss)
197 silly packumentCache full:https://registry.npmjs.org/toidentifier set size:undefined disposed:false
198 silly fetch manifest setprototypeof@1.2.0
199 silly packumentCache full:https://registry.npmjs.org/setprototypeof cache-miss
200 http fetch GET 200 https://registry.npmjs.org/setprototypeof 60ms (cache miss)
201 silly packumentCache full:https://registry.npmjs.org/setprototypeof set size:undefined disposed:false
202 silly fetch manifest mime-db@^1.54.0
203 silly packumentCache full:https://registry.npmjs.org/mime-db cache-miss
204 http fetch GET 200 https://registry.npmjs.org/mime-db 33ms (cache miss)
205 silly packumentCache full:https://registry.npmjs.org/mime-db set size:undefined disposed:false
206 silly fetch manifest ee-first@1.1.1
207 silly packumentCache full:https://registry.npmjs.org/ee-first cache-miss
208 http fetch GET 200 https://registry.npmjs.org/ee-first 33ms (cache miss)
209 silly packumentCache full:https://registry.npmjs.org/ee-first set size:undefined disposed:false
210 silly fetch manifest wrappy@1
211 silly packumentCache full:https://registry.npmjs.org/wrappy cache-miss
212 http fetch GET 200 https://registry.npmjs.org/wrappy 30ms (cache miss)
213 silly packumentCache full:https://registry.npmjs.org/wrappy set size:undefined disposed:false
214 silly fetch manifest forwarded@0.2.0
215 silly packumentCache full:https://registry.npmjs.org/forwarded cache-miss
216 http fetch GET 200 https://registry.npmjs.org/forwarded 42ms (cache miss)
217 silly packumentCache full:https://registry.npmjs.org/forwarded set size:undefined disposed:false
218 silly fetch manifest ipaddr.js@1.9.1
219 silly packumentCache full:https://registry.npmjs.org/ipaddr.js cache-miss
220 http fetch GET 200 https://registry.npmjs.org/ipaddr.js 49ms (cache miss)
221 silly packumentCache full:https://registry.npmjs.org/ipaddr.js set size:undefined disposed:false
222 silly fetch manifest side-channel@^1.1.0
223 silly packumentCache full:https://registry.npmjs.org/side-channel cache-miss
224 http fetch GET 200 https://registry.npmjs.org/side-channel 30ms (cache miss)
225 silly packumentCache full:https://registry.npmjs.org/side-channel set size:undefined disposed:false
226 silly fetch manifest depd@^2.0.0
227 silly packumentCache full:https://registry.npmjs.org/depd cache-miss
228 http cache https://registry.npmjs.org/depd 7ms (cache hit)
229 silly packumentCache full:https://registry.npmjs.org/depd set size:40182 disposed:false
230 silly fetch manifest is-promise@^4.0.0
231 silly packumentCache full:https://registry.npmjs.org/is-promise cache-miss
232 http fetch GET 200 https://registry.npmjs.org/is-promise 26ms (cache miss)
233 silly packumentCache full:https://registry.npmjs.org/is-promise set size:undefined disposed:false
234 silly fetch manifest path-to-regexp@^8.0.0
235 silly packumentCache full:https://registry.npmjs.org/path-to-regexp cache-miss
236 http fetch GET 200 https://registry.npmjs.org/path-to-regexp 39ms (cache miss)
237 silly packumentCache full:https://registry.npmjs.org/path-to-regexp set size:undefined disposed:false
238 silly fetch manifest media-typer@^1.1.0
239 silly packumentCache full:https://registry.npmjs.org/media-typer cache-miss
240 http fetch GET 200 https://registry.npmjs.org/media-typer 35ms (cache miss)
241 silly packumentCache full:https://registry.npmjs.org/media-typer set size:undefined disposed:false
242 silly placeDep ROOT negotiator@1.0.0 OK for: accepts@2.0.0 want: ^1.0.0
243 silly placeDep ROOT bytes@3.1.2 OK for: body-parser@2.2.0 want: ^3.1.2
244 silly placeDep ROOT iconv-lite@0.6.3 OK for: body-parser@2.2.0 want: ^0.6.3
245 silly placeDep ROOT raw-body@3.0.1 OK for: body-parser@2.2.0 want: ^3.0.0
246 silly fetch manifest safer-buffer@>= 2.1.2 < 3.0.0
247 silly packumentCache full:https://registry.npmjs.org/safer-buffer cache-miss
248 http fetch GET 200 https://registry.npmjs.org/safer-buffer 45ms (cache revalidated)
249 silly packumentCache full:https://registry.npmjs.org/safer-buffer set size:18521 disposed:false
250 silly fetch manifest iconv-lite@0.7.0
251 silly packumentCache full:https://registry.npmjs.org/iconv-lite cache-hit
252 silly fetch manifest unpipe@1.0.0
253 silly packumentCache full:https://registry.npmjs.org/unpipe cache-miss
254 http fetch GET 200 https://registry.npmjs.org/unpipe 36ms (cache miss)
255 silly packumentCache full:https://registry.npmjs.org/unpipe set size:undefined disposed:false
256 silly placeDep ROOT safe-buffer@5.2.1 OK for: content-disposition@1.0.0 want: 5.2.1
257 silly placeDep ROOT ms@2.1.3 OK for: debug@4.4.3 want: ^2.1.3
258 silly placeDep ROOT depd@2.0.0 OK for: http-errors@2.0.0 want: 2.0.0
259 silly placeDep ROOT inherits@2.0.4 OK for: http-errors@2.0.0 want: 2.0.4
260 silly placeDep ROOT setprototypeof@1.2.0 OK for: http-errors@2.0.0 want: 1.2.0
261 silly placeDep node_modules/http-errors statuses@2.0.1 OK for: http-errors@2.0.0 want: 2.0.1
262 silly placeDep ROOT toidentifier@1.0.1 OK for: http-errors@2.0.0 want: 1.0.1
263 silly placeDep ROOT safer-buffer@2.1.2 OK for: iconv-lite@0.6.3 want: >= 2.1.2 < 3.0.0
264 silly placeDep ROOT mime-db@1.54.0 OK for: mime-types@3.0.1 want: ^1.54.0
265 silly placeDep ROOT ee-first@1.1.1 OK for: on-finished@2.4.1 want: 1.1.1
266 silly placeDep ROOT wrappy@1.0.2 OK for: once@1.4.0 want: 1
267 silly placeDep ROOT forwarded@0.2.0 OK for: proxy-addr@2.0.7 want: 0.2.0
268 silly placeDep ROOT ipaddr.js@1.9.1 OK for: proxy-addr@2.0.7 want: 1.9.1
269 silly placeDep ROOT side-channel@1.1.0 OK for: qs@6.14.0 want: ^1.1.0
270 silly fetch manifest es-errors@^1.3.0
271 silly packumentCache full:https://registry.npmjs.org/es-errors cache-miss
272 http fetch GET 200 https://registry.npmjs.org/es-errors 36ms (cache miss)
273 silly packumentCache full:https://registry.npmjs.org/es-errors set size:undefined disposed:false
274 silly fetch manifest object-inspect@^1.13.3
275 silly packumentCache full:https://registry.npmjs.org/object-inspect cache-miss
276 http fetch GET 200 https://registry.npmjs.org/object-inspect 39ms (cache miss)
277 silly packumentCache full:https://registry.npmjs.org/object-inspect set size:undefined disposed:false
278 silly fetch manifest side-channel-list@^1.0.0
279 silly packumentCache full:https://registry.npmjs.org/side-channel-list cache-miss
280 http fetch GET 200 https://registry.npmjs.org/side-channel-list 37ms (cache miss)
281 silly packumentCache full:https://registry.npmjs.org/side-channel-list set size:undefined disposed:false
282 silly fetch manifest side-channel-map@^1.0.1
283 silly packumentCache full:https://registry.npmjs.org/side-channel-map cache-miss
284 http fetch GET 200 https://registry.npmjs.org/side-channel-map 38ms (cache miss)
285 silly packumentCache full:https://registry.npmjs.org/side-channel-map set size:undefined disposed:false
286 silly fetch manifest side-channel-weakmap@^1.0.2
287 silly packumentCache full:https://registry.npmjs.org/side-channel-weakmap cache-miss
288 http fetch GET 200 https://registry.npmjs.org/side-channel-weakmap 69ms (cache miss)
289 silly packumentCache full:https://registry.npmjs.org/side-channel-weakmap set size:undefined disposed:false
290 silly placeDep node_modules/raw-body iconv-lite@0.7.0 OK for: raw-body@3.0.1 want: 0.7.0
291 silly placeDep ROOT unpipe@1.0.0 OK for: raw-body@3.0.1 want: 1.0.0
292 silly placeDep ROOT is-promise@4.0.0 OK for: router@2.2.0 want: ^4.0.0
293 silly placeDep ROOT path-to-regexp@8.3.0 OK for: router@2.2.0 want: ^8.0.0
294 silly placeDep ROOT es-errors@1.3.0 OK for: side-channel@1.1.0 want: ^1.3.0
295 silly placeDep ROOT object-inspect@1.13.4 OK for: side-channel@1.1.0 want: ^1.13.3
296 silly placeDep ROOT side-channel-list@1.0.0 OK for: side-channel@1.1.0 want: ^1.0.0
297 silly placeDep ROOT side-channel-map@1.0.1 OK for: side-channel@1.1.0 want: ^1.0.1
298 silly placeDep ROOT side-channel-weakmap@1.0.2 OK for: side-channel@1.1.0 want: ^1.0.2
299 silly fetch manifest call-bound@^1.0.2
300 silly packumentCache full:https://registry.npmjs.org/call-bound cache-miss
301 http fetch GET 200 https://registry.npmjs.org/call-bound 40ms (cache miss)
302 silly packumentCache full:https://registry.npmjs.org/call-bound set size:undefined disposed:false
303 silly fetch manifest get-intrinsic@^1.2.5
304 silly packumentCache full:https://registry.npmjs.org/get-intrinsic cache-miss
305 http fetch GET 200 https://registry.npmjs.org/get-intrinsic 47ms (cache miss)
306 silly packumentCache full:https://registry.npmjs.org/get-intrinsic set size:undefined disposed:false
307 silly placeDep ROOT call-bound@1.0.4 OK for: side-channel-map@1.0.1 want: ^1.0.2
308 silly placeDep ROOT get-intrinsic@1.3.0 OK for: side-channel-map@1.0.1 want: ^1.2.5
309 silly fetch manifest call-bind-apply-helpers@^1.0.2
310 silly packumentCache full:https://registry.npmjs.org/call-bind-apply-helpers cache-miss
311 http fetch GET 200 https://registry.npmjs.org/call-bind-apply-helpers 41ms (cache miss)
312 silly packumentCache full:https://registry.npmjs.org/call-bind-apply-helpers set size:undefined disposed:false
313 silly fetch manifest get-intrinsic@^1.3.0
314 silly packumentCache full:https://registry.npmjs.org/get-intrinsic cache-miss
315 http cache https://registry.npmjs.org/get-intrinsic 4ms (cache hit)
316 silly packumentCache full:https://registry.npmjs.org/get-intrinsic set size:60985 disposed:false
317 silly fetch manifest gopd@^1.2.0
318 silly packumentCache full:https://registry.npmjs.org/gopd cache-miss
319 http fetch GET 200 https://registry.npmjs.org/gopd 37ms (cache miss)
320 silly packumentCache full:https://registry.npmjs.org/gopd set size:undefined disposed:false
321 silly fetch manifest hasown@^2.0.2
322 silly packumentCache full:https://registry.npmjs.org/hasown cache-miss
323 http fetch GET 200 https://registry.npmjs.org/hasown 35ms (cache revalidated)
324 silly packumentCache full:https://registry.npmjs.org/hasown set size:12476 disposed:false
325 silly fetch manifest get-proto@^1.0.1
326 silly packumentCache full:https://registry.npmjs.org/get-proto cache-miss
327 http fetch GET 200 https://registry.npmjs.org/get-proto 47ms (cache miss)
328 silly packumentCache full:https://registry.npmjs.org/get-proto set size:undefined disposed:false
329 silly fetch manifest has-symbols@^1.1.0
330 silly packumentCache full:https://registry.npmjs.org/has-symbols cache-miss
331 http fetch GET 200 https://registry.npmjs.org/has-symbols 53ms (cache miss)
332 silly packumentCache full:https://registry.npmjs.org/has-symbols set size:undefined disposed:false
333 silly fetch manifest function-bind@^1.1.2
334 silly packumentCache full:https://registry.npmjs.org/function-bind cache-miss
335 http fetch GET 200 https://registry.npmjs.org/function-bind 51ms (cache revalidated)
336 silly packumentCache full:https://registry.npmjs.org/function-bind set size:15733 disposed:false
337 silly fetch manifest es-object-atoms@^1.1.1
338 silly packumentCache full:https://registry.npmjs.org/es-object-atoms cache-miss
339 http fetch GET 200 https://registry.npmjs.org/es-object-atoms 46ms (cache miss)
340 silly packumentCache full:https://registry.npmjs.org/es-object-atoms set size:undefined disposed:false
341 silly fetch manifest math-intrinsics@^1.1.0
342 silly packumentCache full:https://registry.npmjs.org/math-intrinsics cache-miss
343 http fetch GET 200 https://registry.npmjs.org/math-intrinsics 56ms (cache miss)
344 silly packumentCache full:https://registry.npmjs.org/math-intrinsics set size:undefined disposed:false
345 silly fetch manifest es-define-property@^1.0.1
346 silly packumentCache full:https://registry.npmjs.org/es-define-property cache-miss
347 http fetch GET 200 https://registry.npmjs.org/es-define-property 44ms (cache miss)
348 silly packumentCache full:https://registry.npmjs.org/es-define-property set size:undefined disposed:false
349 silly placeDep ROOT call-bind-apply-helpers@1.0.2 OK for: call-bound@1.0.4 want: ^1.0.2
350 silly placeDep ROOT function-bind@1.1.2 OK for: call-bind-apply-helpers@1.0.2 want: ^1.1.2
351 silly placeDep ROOT es-define-property@1.0.1 OK for: get-intrinsic@1.3.0 want: ^1.0.1
352 silly placeDep ROOT es-object-atoms@1.1.1 OK for: get-intrinsic@1.3.0 want: ^1.1.1
353 silly placeDep ROOT get-proto@1.0.1 OK for: get-intrinsic@1.3.0 want: ^1.0.1
354 silly placeDep ROOT gopd@1.2.0 OK for: get-intrinsic@1.3.0 want: ^1.2.0
355 silly placeDep ROOT has-symbols@1.1.0 OK for: get-intrinsic@1.3.0 want: ^1.1.0
356 silly placeDep ROOT hasown@2.0.2 OK for: get-intrinsic@1.3.0 want: ^2.0.2
357 silly placeDep ROOT math-intrinsics@1.1.0 OK for: get-intrinsic@1.3.0 want: ^1.1.0
358 silly fetch manifest dunder-proto@^1.0.1
359 silly packumentCache full:https://registry.npmjs.org/dunder-proto cache-miss
360 http fetch GET 200 https://registry.npmjs.org/dunder-proto 39ms (cache miss)
361 silly packumentCache full:https://registry.npmjs.org/dunder-proto set size:undefined disposed:false
362 silly placeDep ROOT dunder-proto@1.0.1 OK for: get-proto@1.0.1 want: ^1.0.1
363 silly placeDep ROOT media-typer@1.1.0 OK for: type-is@2.0.1 want: ^1.1.0
364 silly reify moves {}
365 silly audit bulk request {
365 silly audit   daemon: [ '1.1.0' ],
365 silly audit   init: [ '0.1.2' ],
365 silly audit   express: [ '5.1.0' ],
365 silly audit   accepts: [ '2.0.0' ],
365 silly audit   'body-parser': [ '2.2.0' ],
365 silly audit   'content-disposition': [ '1.0.0' ],
365 silly audit   'content-type': [ '1.0.5' ],
365 silly audit   cookie: [ '0.7.2' ],
365 silly audit   'cookie-signature': [ '1.2.2' ],
365 silly audit   debug: [ '4.4.3' ],
365 silly audit   encodeurl: [ '2.0.0' ],
365 silly audit   'escape-html': [ '1.0.3' ],
365 silly audit   etag: [ '1.8.1' ],
365 silly audit   finalhandler: [ '2.1.0' ],
365 silly audit   fresh: [ '2.0.0' ],
365 silly audit   'http-errors': [ '2.0.0' ],
365 silly audit   'merge-descriptors': [ '2.0.0' ],
365 silly audit   'mime-types': [ '3.0.1' ],
365 silly audit   'on-finished': [ '2.4.1' ],
365 silly audit   once: [ '1.4.0' ],
365 silly audit   parseurl: [ '1.3.3' ],
365 silly audit   'proxy-addr': [ '2.0.7' ],
365 silly audit   qs: [ '6.14.0' ],
365 silly audit   'range-parser': [ '1.2.1' ],
365 silly audit   router: [ '2.2.0' ],
365 silly audit   send: [ '1.2.0' ],
365 silly audit   'serve-static': [ '2.2.0' ],
365 silly audit   statuses: [ '2.0.2', '2.0.1' ],
365 silly audit   'type-is': [ '2.0.1' ],
365 silly audit   vary: [ '1.1.2' ],
365 silly audit   negotiator: [ '1.0.0' ],
365 silly audit   bytes: [ '3.1.2' ],
365 silly audit   'iconv-lite': [ '0.6.3', '0.7.0' ],
365 silly audit   'raw-body': [ '3.0.1' ],
365 silly audit   'safe-buffer': [ '5.2.1' ],
365 silly audit   ms: [ '2.1.3' ],
365 silly audit   depd: [ '2.0.0' ],
365 silly audit   inherits: [ '2.0.4' ],
365 silly audit   setprototypeof: [ '1.2.0' ],
365 silly audit   toidentifier: [ '1.0.1' ],
365 silly audit   'safer-buffer': [ '2.1.2' ],
365 silly audit   'mime-db': [ '1.54.0' ],
365 silly audit   'ee-first': [ '1.1.1' ],
365 silly audit   wrappy: [ '1.0.2' ],
365 silly audit   forwarded: [ '0.2.0' ],
365 silly audit   'ipaddr.js': [ '1.9.1' ],
365 silly audit   'side-channel': [ '1.1.0' ],
365 silly audit   unpipe: [ '1.0.0' ],
365 silly audit   'is-promise': [ '4.0.0' ],
365 silly audit   'path-to-regexp': [ '8.3.0' ],
365 silly audit   'es-errors': [ '1.3.0' ],
365 silly audit   'object-inspect': [ '1.13.4' ],
365 silly audit   'side-channel-list': [ '1.0.0' ],
365 silly audit   'side-channel-map': [ '1.0.1' ],
365 silly audit   'side-channel-weakmap': [ '1.0.2' ],
365 silly audit   'call-bound': [ '1.0.4' ],
365 silly audit   'get-intrinsic': [ '1.3.0' ],
365 silly audit   'call-bind-apply-helpers': [ '1.0.2' ],
365 silly audit   'function-bind': [ '1.1.2' ],
365 silly audit   'es-define-property': [ '1.0.1' ],
365 silly audit   'es-object-atoms': [ '1.1.1' ],
365 silly audit   'get-proto': [ '1.0.1' ],
365 silly audit   gopd: [ '1.2.0' ],
365 silly audit   'has-symbols': [ '1.1.0' ],
365 silly audit   hasown: [ '2.0.2' ],
365 silly audit   'math-intrinsics': [ '1.1.0' ],
365 silly audit   'dunder-proto': [ '1.0.1' ],
365 silly audit   'media-typer': [ '1.1.0' ]
365 silly audit }
366 http cache media-typer@https://registry.npmjs.org/media-typer/-/media-typer-1.1.0.tgz 0ms (cache hit)
367 http cache dunder-proto@https://registry.npmjs.org/dunder-proto/-/dunder-proto-1.0.1.tgz 0ms (cache hit)
368 http cache math-intrinsics@https://registry.npmjs.org/math-intrinsics/-/math-intrinsics-1.1.0.tgz 0ms (cache hit)
369 http cache hasown@https://registry.npmjs.org/hasown/-/hasown-2.0.2.tgz 0ms (cache hit)
370 http cache has-symbols@https://registry.npmjs.org/has-symbols/-/has-symbols-1.1.0.tgz 0ms (cache hit)
371 http cache gopd@https://registry.npmjs.org/gopd/-/gopd-1.2.0.tgz 0ms (cache hit)
372 http cache get-proto@https://registry.npmjs.org/get-proto/-/get-proto-1.0.1.tgz 0ms (cache hit)
373 http cache es-object-atoms@https://registry.npmjs.org/es-object-atoms/-/es-object-atoms-1.1.1.tgz 0ms (cache hit)
374 http cache es-define-property@https://registry.npmjs.org/es-define-property/-/es-define-property-1.0.1.tgz 0ms (cache hit)
375 http cache function-bind@https://registry.npmjs.org/function-bind/-/function-bind-1.1.2.tgz 0ms (cache hit)
376 http cache call-bind-apply-helpers@https://registry.npmjs.org/call-bind-apply-helpers/-/call-bind-apply-helpers-1.0.2.tgz 0ms (cache hit)
377 http cache get-intrinsic@https://registry.npmjs.org/get-intrinsic/-/get-intrinsic-1.3.0.tgz 0ms (cache hit)
378 http cache call-bound@https://registry.npmjs.org/call-bound/-/call-bound-1.0.4.tgz 0ms (cache hit)
379 http cache side-channel-weakmap@https://registry.npmjs.org/side-channel-weakmap/-/side-channel-weakmap-1.0.2.tgz 0ms (cache hit)
380 http cache side-channel-map@https://registry.npmjs.org/side-channel-map/-/side-channel-map-1.0.1.tgz 0ms (cache hit)
381 http cache side-channel-list@https://registry.npmjs.org/side-channel-list/-/side-channel-list-1.0.0.tgz 0ms (cache hit)
382 http cache object-inspect@https://registry.npmjs.org/object-inspect/-/object-inspect-1.13.4.tgz 0ms (cache hit)
383 http cache es-errors@https://registry.npmjs.org/es-errors/-/es-errors-1.3.0.tgz 0ms (cache hit)
384 http cache path-to-regexp@https://registry.npmjs.org/path-to-regexp/-/path-to-regexp-8.3.0.tgz 0ms (cache hit)
385 http cache is-promise@https://registry.npmjs.org/is-promise/-/is-promise-4.0.0.tgz 0ms (cache hit)
386 http cache unpipe@https://registry.npmjs.org/unpipe/-/unpipe-1.0.0.tgz 0ms (cache hit)
387 http cache side-channel@https://registry.npmjs.org/side-channel/-/side-channel-1.1.0.tgz 0ms (cache hit)
388 http cache ipaddr.js@https://registry.npmjs.org/ipaddr.js/-/ipaddr.js-1.9.1.tgz 0ms (cache hit)
389 http cache forwarded@https://registry.npmjs.org/forwarded/-/forwarded-0.2.0.tgz 0ms (cache hit)
390 http cache wrappy@https://registry.npmjs.org/wrappy/-/wrappy-1.0.2.tgz 0ms (cache hit)
391 http cache ee-first@https://registry.npmjs.org/ee-first/-/ee-first-1.1.1.tgz 0ms (cache hit)
392 http cache mime-db@https://registry.npmjs.org/mime-db/-/mime-db-1.54.0.tgz 0ms (cache hit)
393 http cache safer-buffer@https://registry.npmjs.org/safer-buffer/-/safer-buffer-2.1.2.tgz 0ms (cache hit)
394 http cache toidentifier@https://registry.npmjs.org/toidentifier/-/toidentifier-1.0.1.tgz 0ms (cache hit)
395 http cache setprototypeof@https://registry.npmjs.org/setprototypeof/-/setprototypeof-1.2.0.tgz 0ms (cache hit)
396 http cache inherits@https://registry.npmjs.org/inherits/-/inherits-2.0.4.tgz 0ms (cache hit)
397 http cache depd@https://registry.npmjs.org/depd/-/depd-2.0.0.tgz 0ms (cache hit)
398 http cache ms@https://registry.npmjs.org/ms/-/ms-2.1.3.tgz 0ms (cache hit)
399 http cache safe-buffer@https://registry.npmjs.org/safe-buffer/-/safe-buffer-5.2.1.tgz 0ms (cache hit)
400 http cache raw-body@https://registry.npmjs.org/raw-body/-/raw-body-3.0.1.tgz 0ms (cache hit)
401 http cache iconv-lite@https://registry.npmjs.org/iconv-lite/-/iconv-lite-0.6.3.tgz 0ms (cache hit)
402 http cache bytes@https://registry.npmjs.org/bytes/-/bytes-3.1.2.tgz 0ms (cache hit)
403 http cache negotiator@https://registry.npmjs.org/negotiator/-/negotiator-1.0.0.tgz 0ms (cache hit)
404 http cache vary@https://registry.npmjs.org/vary/-/vary-1.1.2.tgz 0ms (cache hit)
405 http cache type-is@https://registry.npmjs.org/type-is/-/type-is-2.0.1.tgz 0ms (cache hit)
406 http cache statuses@https://registry.npmjs.org/statuses/-/statuses-2.0.2.tgz 0ms (cache hit)
407 http cache serve-static@https://registry.npmjs.org/serve-static/-/serve-static-2.2.0.tgz 0ms (cache hit)
408 http cache send@https://registry.npmjs.org/send/-/send-1.2.0.tgz 0ms (cache hit)
409 http cache router@https://registry.npmjs.org/router/-/router-2.2.0.tgz 0ms (cache hit)
410 http cache range-parser@https://registry.npmjs.org/range-parser/-/range-parser-1.2.1.tgz 0ms (cache hit)
411 http cache qs@https://registry.npmjs.org/qs/-/qs-6.14.0.tgz 0ms (cache hit)
412 http cache proxy-addr@https://registry.npmjs.org/proxy-addr/-/proxy-addr-2.0.7.tgz 0ms (cache hit)
413 http cache parseurl@https://registry.npmjs.org/parseurl/-/parseurl-1.3.3.tgz 0ms (cache hit)
414 http cache once@https://registry.npmjs.org/once/-/once-1.4.0.tgz 0ms (cache hit)
415 http cache on-finished@https://registry.npmjs.org/on-finished/-/on-finished-2.4.1.tgz 0ms (cache hit)
416 http cache mime-types@https://registry.npmjs.org/mime-types/-/mime-types-3.0.1.tgz 0ms (cache hit)
417 http cache merge-descriptors@https://registry.npmjs.org/merge-descriptors/-/merge-descriptors-2.0.0.tgz 0ms (cache hit)
418 http cache http-errors@https://registry.npmjs.org/http-errors/-/http-errors-2.0.0.tgz 0ms (cache hit)
419 http cache fresh@https://registry.npmjs.org/fresh/-/fresh-2.0.0.tgz 0ms (cache hit)
420 http cache finalhandler@https://registry.npmjs.org/finalhandler/-/finalhandler-2.1.0.tgz 0ms (cache hit)
421 http cache etag@https://registry.npmjs.org/etag/-/etag-1.8.1.tgz 0ms (cache hit)
422 http cache escape-html@https://registry.npmjs.org/escape-html/-/escape-html-1.0.3.tgz 0ms (cache hit)
423 http cache encodeurl@https://registry.npmjs.org/encodeurl/-/encodeurl-2.0.0.tgz 0ms (cache hit)
424 http cache debug@https://registry.npmjs.org/debug/-/debug-4.4.3.tgz 0ms (cache hit)
425 http cache cookie-signature@https://registry.npmjs.org/cookie-signature/-/cookie-signature-1.2.2.tgz 0ms (cache hit)
426 http cache cookie@https://registry.npmjs.org/cookie/-/cookie-0.7.2.tgz 0ms (cache hit)
427 http cache content-type@https://registry.npmjs.org/content-type/-/content-type-1.0.5.tgz 0ms (cache hit)
428 http cache content-disposition@https://registry.npmjs.org/content-disposition/-/content-disposition-1.0.0.tgz 0ms (cache hit)
429 http cache body-parser@https://registry.npmjs.org/body-parser/-/body-parser-2.2.0.tgz 0ms (cache hit)
430 http cache accepts@https://registry.npmjs.org/accepts/-/accepts-2.0.0.tgz 0ms (cache hit)
431 http cache express@https://registry.npmjs.org/express/-/express-5.1.0.tgz 0ms (cache hit)
432 http cache iconv-lite@https://registry.npmjs.org/iconv-lite/-/iconv-lite-0.7.0.tgz 0ms (cache hit)
433 http cache statuses@https://registry.npmjs.org/statuses/-/statuses-2.0.1.tgz 0ms (cache hit)
434 silly tarball no local data for media-typer@https://registry.npmjs.org/media-typer/-/media-typer-1.1.0.tgz. Extracting by manifest.
435 silly tarball no local data for dunder-proto@https://registry.npmjs.org/dunder-proto/-/dunder-proto-1.0.1.tgz. Extracting by manifest.
436 silly tarball no local data for math-intrinsics@https://registry.npmjs.org/math-intrinsics/-/math-intrinsics-1.1.0.tgz. Extracting by manifest.
437 silly tarball no local data for has-symbols@https://registry.npmjs.org/has-symbols/-/has-symbols-1.1.0.tgz. Extracting by manifest.
438 silly tarball no local data for gopd@https://registry.npmjs.org/gopd/-/gopd-1.2.0.tgz. Extracting by manifest.
439 silly tarball no local data for get-proto@https://registry.npmjs.org/get-proto/-/get-proto-1.0.1.tgz. Extracting by manifest.
440 silly tarball no local data for es-object-atoms@https://registry.npmjs.org/es-object-atoms/-/es-object-atoms-1.1.1.tgz. Extracting by manifest.
441 silly tarball no local data for es-define-property@https://registry.npmjs.org/es-define-property/-/es-define-property-1.0.1.tgz. Extracting by manifest.
442 silly tarball no local data for call-bind-apply-helpers@https://registry.npmjs.org/call-bind-apply-helpers/-/call-bind-apply-helpers-1.0.2.tgz. Extracting by manifest.
443 silly tarball no local data for get-intrinsic@https://registry.npmjs.org/get-intrinsic/-/get-intrinsic-1.3.0.tgz. Extracting by manifest.
444 silly tarball no local data for call-bound@https://registry.npmjs.org/call-bound/-/call-bound-1.0.4.tgz. Extracting by manifest.
445 silly tarball no local data for side-channel-weakmap@https://registry.npmjs.org/side-channel-weakmap/-/side-channel-weakmap-1.0.2.tgz. Extracting by manifest.
446 silly tarball no local data for side-channel-map@https://registry.npmjs.org/side-channel-map/-/side-channel-map-1.0.1.tgz. Extracting by manifest.
447 silly tarball no local data for side-channel-list@https://registry.npmjs.org/side-channel-list/-/side-channel-list-1.0.0.tgz. Extracting by manifest.
448 silly tarball no local data for object-inspect@https://registry.npmjs.org/object-inspect/-/object-inspect-1.13.4.tgz. Extracting by manifest.
449 silly tarball no local data for es-errors@https://registry.npmjs.org/es-errors/-/es-errors-1.3.0.tgz. Extracting by manifest.
450 silly tarball no local data for path-to-regexp@https://registry.npmjs.org/path-to-regexp/-/path-to-regexp-8.3.0.tgz. Extracting by manifest.
451 silly tarball no local data for is-promise@https://registry.npmjs.org/is-promise/-/is-promise-4.0.0.tgz. Extracting by manifest.
452 silly tarball no local data for unpipe@https://registry.npmjs.org/unpipe/-/unpipe-1.0.0.tgz. Extracting by manifest.
453 silly tarball no local data for side-channel@https://registry.npmjs.org/side-channel/-/side-channel-1.1.0.tgz. Extracting by manifest.
454 silly tarball no local data for ipaddr.js@https://registry.npmjs.org/ipaddr.js/-/ipaddr.js-1.9.1.tgz. Extracting by manifest.
455 silly tarball no local data for forwarded@https://registry.npmjs.org/forwarded/-/forwarded-0.2.0.tgz. Extracting by manifest.
456 silly tarball no local data for wrappy@https://registry.npmjs.org/wrappy/-/wrappy-1.0.2.tgz. Extracting by manifest.
457 silly tarball no local data for ee-first@https://registry.npmjs.org/ee-first/-/ee-first-1.1.1.tgz. Extracting by manifest.
458 silly tarball no local data for mime-db@https://registry.npmjs.org/mime-db/-/mime-db-1.54.0.tgz. Extracting by manifest.
459 silly tarball no local data for toidentifier@https://registry.npmjs.org/toidentifier/-/toidentifier-1.0.1.tgz. Extracting by manifest.
460 silly tarball no local data for setprototypeof@https://registry.npmjs.org/setprototypeof/-/setprototypeof-1.2.0.tgz. Extracting by manifest.
461 silly tarball no local data for inherits@https://registry.npmjs.org/inherits/-/inherits-2.0.4.tgz. Extracting by manifest.
462 silly tarball no local data for depd@https://registry.npmjs.org/depd/-/depd-2.0.0.tgz. Extracting by manifest.
463 silly tarball no local data for raw-body@https://registry.npmjs.org/raw-body/-/raw-body-3.0.1.tgz. Extracting by manifest.
464 silly tarball no local data for iconv-lite@https://registry.npmjs.org/iconv-lite/-/iconv-lite-0.6.3.tgz. Extracting by manifest.
465 silly tarball no local data for bytes@https://registry.npmjs.org/bytes/-/bytes-3.1.2.tgz. Extracting by manifest.
466 silly tarball no local data for negotiator@https://registry.npmjs.org/negotiator/-/negotiator-1.0.0.tgz. Extracting by manifest.
467 silly tarball no local data for vary@https://registry.npmjs.org/vary/-/vary-1.1.2.tgz. Extracting by manifest.
468 silly tarball no local data for type-is@https://registry.npmjs.org/type-is/-/type-is-2.0.1.tgz. Extracting by manifest.
469 silly tarball no local data for statuses@https://registry.npmjs.org/statuses/-/statuses-2.0.2.tgz. Extracting by manifest.
470 silly tarball no local data for serve-static@https://registry.npmjs.org/serve-static/-/serve-static-2.2.0.tgz. Extracting by manifest.
471 silly tarball no local data for send@https://registry.npmjs.org/send/-/send-1.2.0.tgz. Extracting by manifest.
472 silly tarball no local data for router@https://registry.npmjs.org/router/-/router-2.2.0.tgz. Extracting by manifest.
473 silly tarball no local data for range-parser@https://registry.npmjs.org/range-parser/-/range-parser-1.2.1.tgz. Extracting by manifest.
474 silly tarball no local data for qs@https://registry.npmjs.org/qs/-/qs-6.14.0.tgz. Extracting by manifest.
475 silly tarball no local data for proxy-addr@https://registry.npmjs.org/proxy-addr/-/proxy-addr-2.0.7.tgz. Extracting by manifest.
476 silly tarball no local data for parseurl@https://registry.npmjs.org/parseurl/-/parseurl-1.3.3.tgz. Extracting by manifest.
477 silly tarball no local data for once@https://registry.npmjs.org/once/-/once-1.4.0.tgz. Extracting by manifest.
478 silly tarball no local data for on-finished@https://registry.npmjs.org/on-finished/-/on-finished-2.4.1.tgz. Extracting by manifest.
479 silly tarball no local data for mime-types@https://registry.npmjs.org/mime-types/-/mime-types-3.0.1.tgz. Extracting by manifest.
480 silly tarball no local data for merge-descriptors@https://registry.npmjs.org/merge-descriptors/-/merge-descriptors-2.0.0.tgz. Extracting by manifest.
481 silly tarball no local data for http-errors@https://registry.npmjs.org/http-errors/-/http-errors-2.0.0.tgz. Extracting by manifest.
482 silly tarball no local data for fresh@https://registry.npmjs.org/fresh/-/fresh-2.0.0.tgz. Extracting by manifest.
483 silly tarball no local data for finalhandler@https://registry.npmjs.org/finalhandler/-/finalhandler-2.1.0.tgz. Extracting by manifest.
484 silly tarball no local data for etag@https://registry.npmjs.org/etag/-/etag-1.8.1.tgz. Extracting by manifest.
485 silly tarball no local data for escape-html@https://registry.npmjs.org/escape-html/-/escape-html-1.0.3.tgz. Extracting by manifest.
486 silly tarball no local data for encodeurl@https://registry.npmjs.org/encodeurl/-/encodeurl-2.0.0.tgz. Extracting by manifest.
487 silly tarball no local data for cookie-signature@https://registry.npmjs.org/cookie-signature/-/cookie-signature-1.2.2.tgz. Extracting by manifest.
488 silly tarball no local data for cookie@https://registry.npmjs.org/cookie/-/cookie-0.7.2.tgz. Extracting by manifest.
489 silly tarball no local data for content-type@https://registry.npmjs.org/content-type/-/content-type-1.0.5.tgz. Extracting by manifest.
490 silly tarball no local data for content-disposition@https://registry.npmjs.org/content-disposition/-/content-disposition-1.0.0.tgz. Extracting by manifest.
491 silly tarball no local data for body-parser@https://registry.npmjs.org/body-parser/-/body-parser-2.2.0.tgz. Extracting by manifest.
492 silly tarball no local data for accepts@https://registry.npmjs.org/accepts/-/accepts-2.0.0.tgz. Extracting by manifest.
493 silly tarball no local data for express@https://registry.npmjs.org/express/-/express-5.1.0.tgz. Extracting by manifest.
494 silly tarball no local data for iconv-lite@https://registry.npmjs.org/iconv-lite/-/iconv-lite-0.7.0.tgz. Extracting by manifest.
495 silly tarball no local data for statuses@https://registry.npmjs.org/statuses/-/statuses-2.0.1.tgz. Extracting by manifest.
496 http fetch POST 200 https://registry.npmjs.org/-/npm/v1/security/advisories/bulk 225ms
497 silly audit report {}
498 http fetch GET 200 https://registry.npmjs.org/media-typer/-/media-typer-1.1.0.tgz 610ms (cache miss)
499 http fetch GET 200 https://registry.npmjs.org/es-errors/-/es-errors-1.3.0.tgz 611ms (cache miss)
500 http fetch GET 200 https://registry.npmjs.org/unpipe/-/unpipe-1.0.0.tgz 618ms (cache miss)
501 http fetch GET 200 https://registry.npmjs.org/is-promise/-/is-promise-4.0.0.tgz 619ms (cache miss)
502 http fetch GET 200 https://registry.npmjs.org/gopd/-/gopd-1.2.0.tgz 639ms (cache miss)
503 http fetch GET 200 https://registry.npmjs.org/forwarded/-/forwarded-0.2.0.tgz 627ms (cache miss)
504 http fetch GET 200 https://registry.npmjs.org/toidentifier/-/toidentifier-1.0.1.tgz 633ms (cache miss)
505 http fetch GET 200 https://registry.npmjs.org/serve-static/-/serve-static-2.2.0.tgz 629ms (cache miss)
506 http fetch GET 200 https://registry.npmjs.org/side-channel-map/-/side-channel-map-1.0.1.tgz 648ms (cache miss)
507 http fetch GET 200 https://registry.npmjs.org/wrappy/-/wrappy-1.0.2.tgz 645ms (cache miss)
508 http fetch GET 200 https://registry.npmjs.org/inherits/-/inherits-2.0.4.tgz 641ms (cache miss)
509 http fetch GET 200 https://registry.npmjs.org/setprototypeof/-/setprototypeof-1.2.0.tgz 641ms (cache miss)
510 http fetch GET 200 https://registry.npmjs.org/ee-first/-/ee-first-1.1.1.tgz 650ms (cache miss)
511 http fetch GET 200 https://registry.npmjs.org/side-channel-weakmap/-/side-channel-weakmap-1.0.2.tgz 666ms (cache miss)
512 http fetch GET 200 https://registry.npmjs.org/get-proto/-/get-proto-1.0.1.tgz 681ms (cache miss)
513 http fetch GET 200 https://registry.npmjs.org/vary/-/vary-1.1.2.tgz 662ms (cache miss)
514 http fetch GET 200 https://registry.npmjs.org/merge-descriptors/-/merge-descriptors-2.0.0.tgz 657ms (cache miss)
515 http fetch GET 200 https://registry.npmjs.org/etag/-/etag-1.8.1.tgz 656ms (cache miss)
516 http fetch GET 200 https://registry.npmjs.org/call-bound/-/call-bound-1.0.4.tgz 680ms (cache miss)
517 http fetch GET 200 https://registry.npmjs.org/statuses/-/statuses-2.0.2.tgz 668ms (cache miss)
518 http fetch GET 200 https://registry.npmjs.org/bytes/-/bytes-3.1.2.tgz 671ms (cache miss)
519 http fetch GET 200 https://registry.npmjs.org/fresh/-/fresh-2.0.0.tgz 664ms (cache miss)
520 http fetch GET 200 https://registry.npmjs.org/escape-html/-/escape-html-1.0.3.tgz 663ms (cache miss)
521 http fetch GET 200 https://registry.npmjs.org/cookie/-/cookie-0.7.2.tgz 662ms (cache miss)
522 http fetch GET 200 https://registry.npmjs.org/es-object-atoms/-/es-object-atoms-1.1.1.tgz 694ms (cache miss)
523 http fetch GET 200 https://registry.npmjs.org/dunder-proto/-/dunder-proto-1.0.1.tgz 698ms (cache miss)
524 http fetch GET 200 https://registry.npmjs.org/side-channel-list/-/side-channel-list-1.0.0.tgz 687ms (cache miss)
525 http fetch GET 200 https://registry.npmjs.org/ipaddr.js/-/ipaddr.js-1.9.1.tgz 684ms (cache miss)
526 http fetch GET 200 https://registry.npmjs.org/type-is/-/type-is-2.0.1.tgz 675ms (cache miss)
527 http fetch GET 200 https://registry.npmjs.org/proxy-addr/-/proxy-addr-2.0.7.tgz 673ms (cache miss)
528 http fetch GET 200 https://registry.npmjs.org/range-parser/-/range-parser-1.2.1.tgz 675ms (cache miss)
529 http fetch GET 200 https://registry.npmjs.org/parseurl/-/parseurl-1.3.3.tgz 674ms (cache miss)
530 http fetch GET 200 https://registry.npmjs.org/http-errors/-/http-errors-2.0.0.tgz 672ms (cache miss)
531 http fetch GET 200 https://registry.npmjs.org/finalhandler/-/finalhandler-2.1.0.tgz 672ms (cache miss)
532 http fetch GET 200 https://registry.npmjs.org/depd/-/depd-2.0.0.tgz 683ms (cache miss)
533 http fetch GET 200 https://registry.npmjs.org/encodeurl/-/encodeurl-2.0.0.tgz 673ms (cache miss)
534 http fetch GET 200 https://registry.npmjs.org/accepts/-/accepts-2.0.0.tgz 672ms (cache miss)
535 http fetch GET 200 https://registry.npmjs.org/cookie-signature/-/cookie-signature-1.2.2.tgz 674ms (cache miss)
536 http fetch GET 200 https://registry.npmjs.org/once/-/once-1.4.0.tgz 679ms (cache miss)
537 http fetch GET 200 https://registry.npmjs.org/content-type/-/content-type-1.0.5.tgz 682ms (cache miss)
538 http fetch GET 200 https://registry.npmjs.org/content-disposition/-/content-disposition-1.0.0.tgz 681ms (cache miss)
539 http fetch GET 200 https://registry.npmjs.org/statuses/-/statuses-2.0.1.tgz 680ms (cache miss)
540 http fetch GET 200 https://registry.npmjs.org/on-finished/-/on-finished-2.4.1.tgz 688ms (cache miss)
541 http fetch GET 200 https://registry.npmjs.org/es-define-property/-/es-define-property-1.0.1.tgz 711ms (cache miss)
542 http fetch GET 200 https://registry.npmjs.org/side-channel/-/side-channel-1.1.0.tgz 707ms (cache miss)
543 http fetch GET 200 https://registry.npmjs.org/mime-types/-/mime-types-3.0.1.tgz 694ms (cache miss)
544 http fetch GET 200 https://registry.npmjs.org/negotiator/-/negotiator-1.0.0.tgz 702ms (cache miss)
545 http fetch GET 200 https://registry.npmjs.org/call-bind-apply-helpers/-/call-bind-apply-helpers-1.0.2.tgz 720ms (cache miss)
546 http fetch GET 200 https://registry.npmjs.org/raw-body/-/raw-body-3.0.1.tgz 710ms (cache miss)
547 http fetch GET 200 https://registry.npmjs.org/path-to-regexp/-/path-to-regexp-8.3.0.tgz 724ms (cache miss)
548 http fetch GET 200 https://registry.npmjs.org/send/-/send-1.2.0.tgz 716ms (cache miss)
549 http fetch GET 200 https://registry.npmjs.org/has-symbols/-/has-symbols-1.1.0.tgz 745ms (cache miss)
550 http fetch GET 200 https://registry.npmjs.org/get-intrinsic/-/get-intrinsic-1.3.0.tgz 740ms (cache miss)
551 http fetch GET 200 https://registry.npmjs.org/object-inspect/-/object-inspect-1.13.4.tgz 746ms (cache miss)
552 http fetch GET 200 https://registry.npmjs.org/mime-db/-/mime-db-1.54.0.tgz 738ms (cache miss)
553 http fetch GET 200 https://registry.npmjs.org/router/-/router-2.2.0.tgz 732ms (cache miss)
554 http fetch GET 200 https://registry.npmjs.org/math-intrinsics/-/math-intrinsics-1.1.0.tgz 765ms (cache miss)
555 http fetch GET 200 https://registry.npmjs.org/body-parser/-/body-parser-2.2.0.tgz 732ms (cache miss)
556 http fetch GET 200 https://registry.npmjs.org/express/-/express-5.1.0.tgz 740ms (cache miss)
557 http fetch GET 200 https://registry.npmjs.org/qs/-/qs-6.14.0.tgz 759ms (cache miss)
558 http fetch GET 200 https://registry.npmjs.org/iconv-lite/-/iconv-lite-0.7.0.tgz 771ms (cache miss)
559 http fetch GET 200 https://registry.npmjs.org/iconv-lite/-/iconv-lite-0.6.3.tgz 788ms (cache miss)
560 silly ADD node_modules/media-typer
561 silly ADD node_modules/dunder-proto
562 silly ADD node_modules/math-intrinsics
563 silly ADD node_modules/hasown
564 silly ADD node_modules/has-symbols
565 silly ADD node_modules/gopd
566 silly ADD node_modules/get-proto
567 silly ADD node_modules/es-object-atoms
568 silly ADD node_modules/es-define-property
569 silly ADD node_modules/function-bind
570 silly ADD node_modules/call-bind-apply-helpers
571 silly ADD node_modules/get-intrinsic
572 silly ADD node_modules/call-bound
573 silly ADD node_modules/side-channel-weakmap
574 silly ADD node_modules/side-channel-map
575 silly ADD node_modules/side-channel-list
576 silly ADD node_modules/object-inspect
577 silly ADD node_modules/es-errors
578 silly ADD node_modules/path-to-regexp
579 silly ADD node_modules/is-promise
580 silly ADD node_modules/unpipe
581 silly ADD node_modules/side-channel
582 silly ADD node_modules/ipaddr.js
583 silly ADD node_modules/forwarded
584 silly ADD node_modules/wrappy
585 silly ADD node_modules/ee-first
586 silly ADD node_modules/mime-db
587 silly ADD node_modules/safer-buffer
588 silly ADD node_modules/toidentifier
589 silly ADD node_modules/setprototypeof
590 silly ADD node_modules/inherits
591 silly ADD node_modules/depd
592 silly ADD node_modules/ms
593 silly ADD node_modules/safe-buffer
594 silly ADD node_modules/raw-body
595 silly ADD node_modules/raw-body/node_modules/iconv-lite
596 silly ADD node_modules/iconv-lite
597 silly ADD node_modules/bytes
598 silly ADD node_modules/negotiator
599 silly ADD node_modules/vary
600 silly ADD node_modules/type-is
601 silly ADD node_modules/statuses
602 silly ADD node_modules/serve-static
603 silly ADD node_modules/send
604 silly ADD node_modules/router
605 silly ADD node_modules/range-parser
606 silly ADD node_modules/qs
607 silly ADD node_modules/proxy-addr
608 silly ADD node_modules/parseurl
609 silly ADD node_modules/once
610 silly ADD node_modules/on-finished
611 silly ADD node_modules/mime-types
612 silly ADD node_modules/merge-descriptors
613 silly ADD node_modules/http-errors
614 silly ADD node_modules/http-errors/node_modules/statuses
615 silly ADD node_modules/fresh
616 silly ADD node_modules/finalhandler
617 silly ADD node_modules/etag
618 silly ADD node_modules/escape-html
619 silly ADD node_modules/encodeurl
620 silly ADD node_modules/debug
621 silly ADD node_modules/cookie-signature
622 silly ADD node_modules/cookie
623 silly ADD node_modules/content-type
624 silly ADD node_modules/content-disposition
625 silly ADD node_modules/body-parser
626 silly ADD node_modules/accepts
627 silly ADD node_modules/express
628 verbose cwd /home/ubuntu/git
629 verbose os Linux 6.14.0-1014-aws
630 verbose node v22.19.0
631 verbose npm  v10.9.3
632 verbose exit 0
633 info ok
