0 verbose cli /home/ubuntu/.nvm/versions/node/v22.19.0/bin/node /home/ubuntu/.nvm/versions/node/v22.19.0/bin/npm
1 info using npm@10.9.3
2 info using node@v22.19.0
3 silly config load:file:/home/ubuntu/.nvm/versions/node/v22.19.0/lib/node_modules/npm/npmrc
4 silly config load:file:/home/ubuntu/git/.npmrc
5 silly config load:file:/home/ubuntu/.npmrc
6 silly config load:file:/home/ubuntu/.nvm/versions/node/v22.19.0/etc/npmrc
7 verbose title npm install init
8 verbose argv "install" "init" "--yes"
9 verbose logfile logs-max:10 dir:/home/ubuntu/.npm/_logs/2025-10-08T17_19_34_190Z-
10 verbose logfile /home/ubuntu/.npm/_logs/2025-10-08T17_19_34_190Z-debug-0.log
11 silly logfile done cleaning log files
12 silly packumentCache heap:1027080192 maxSize:256770048 maxEntrySize:128385024
13 silly idealTree buildDeps
14 silly fetch manifest init@*
15 silly packumentCache full:https://registry.npmjs.org/init cache-miss
16 http fetch GET 200 https://registry.npmjs.org/init 358ms (cache miss)
17 silly packumentCache full:https://registry.npmjs.org/init set size:undefined disposed:false
18 silly placeDep ROOT init@0.1.2 OK for:  want: *
19 silly fetch manifest daemon@>=0.3.0
20 silly packumentCache full:https://registry.npmjs.org/daemon cache-miss
21 http fetch GET 200 https://registry.npmjs.org/daemon 290ms (cache miss)
22 silly packumentCache full:https://registry.npmjs.org/daemon set size:undefined disposed:false
23 silly placeDep ROOT daemon@1.1.0 OK for: init@0.1.2 want: >=0.3.0
24 silly reify moves {}
25 http cache daemon@https://registry.npmjs.org/daemon/-/daemon-1.1.0.tgz 0ms (cache hit)
26 http cache init@https://registry.npmjs.org/init/-/init-0.1.2.tgz 0ms (cache hit)
27 silly tarball no local data for daemon@https://registry.npmjs.org/daemon/-/daemon-1.1.0.tgz. Extracting by manifest.
28 silly tarball no local data for init@https://registry.npmjs.org/init/-/init-0.1.2.tgz. Extracting by manifest.
29 http fetch GET 200 https://registry.npmjs.org/init/-/init-0.1.2.tgz 73ms (cache miss)
30 http fetch GET 200 https://registry.npmjs.org/daemon/-/daemon-1.1.0.tgz 112ms (cache miss)
31 silly ADD node_modules/daemon
32 silly ADD node_modules/init
33 verbose cwd /home/ubuntu/git
34 verbose os Linux 6.14.0-1014-aws
35 verbose node v22.19.0
36 verbose npm  v10.9.3
37 verbose exit 0
38 info ok
