0 verbose cli /home/ubuntu/.nvm/versions/node/v22.19.0/bin/node /home/ubuntu/.nvm/versions/node/v22.19.0/bin/npm
1 info using npm@10.9.3
2 info using node@v22.19.0
3 silly config load:file:/home/ubuntu/.nvm/versions/node/v22.19.0/lib/node_modules/npm/npmrc
4 silly config load:file:/home/ubuntu/.npmrc
5 silly config load:file:/home/ubuntu/.nvm/versions/node/v22.19.0/etc/npmrc
6 verbose title npm install express
7 verbose argv "install" "express"
8 verbose logfile logs-max:10 dir:/home/ubuntu/.npm/_logs/2025-10-09T10_07_27_639Z-
9 verbose logfile /home/ubuntu/.npm/_logs/2025-10-09T10_07_27_639Z-debug-0.log
10 silly logfile done cleaning log files
11 silly packumentCache heap:1027080192 maxSize:256770048 maxEntrySize:128385024
12 silly idealTree buildDeps
13 silly fetch manifest express@*
14 silly packumentCache full:https://registry.npmjs.org/express cache-miss
15 http fetch GET 200 https://registry.npmjs.org/express 108ms (cache revalidated)
16 silly packumentCache full:https://registry.npmjs.org/express set size:796269 disposed:false
17 silly placeDep ROOT express@5.1.0 OK for:  want: *
18 silly fetch manifest qs@^6.14.0
19 silly packumentCache full:https://registry.npmjs.org/qs cache-miss
20 http fetch GET 200 https://registry.npmjs.org/qs 27ms (cache revalidated)
21 silly packumentCache full:https://registry.npmjs.org/qs set size:264677 disposed:false
22 silly fetch manifest etag@^1.8.1
23 silly packumentCache full:https://registry.npmjs.org/etag cache-miss
24 http fetch GET 200 https://registry.npmjs.org/etag 23ms (cache revalidated)
25 silly packumentCache full:https://registry.npmjs.org/etag set size:30032 disposed:false
26 silly fetch manifest once@^1.4.0
27 silly packumentCache full:https://registry.npmjs.org/once cache-miss
28 http fetch GET 200 https://registry.npmjs.org/once 25ms (cache revalidated)
29 silly packumentCache full:https://registry.npmjs.org/once set size:11768 disposed:false
30 silly fetch manifest send@^1.1.0
31 silly packumentCache full:https://registry.npmjs.org/send cache-miss
32 http fetch GET 200 https://registry.npmjs.org/send 27ms (cache revalidated)
33 silly packumentCache full:https://registry.npmjs.org/send set size:147586 disposed:false
34 silly fetch manifest vary@^1.1.2
35 silly packumentCache full:https://registry.npmjs.org/vary cache-miss
36 http fetch GET 200 https://registry.npmjs.org/vary 34ms (cache revalidated)
37 silly packumentCache full:https://registry.npmjs.org/vary set size:16018 disposed:false
38 silly fetch manifest debug@^4.4.0
39 silly packumentCache full:https://registry.npmjs.org/debug cache-miss
40 http fetch GET 200 https://registry.npmjs.org/debug 35ms (cache miss)
41 silly packumentCache full:https://registry.npmjs.org/debug set size:undefined disposed:false
42 silly fetch manifest fresh@^2.0.0
43 silly packumentCache full:https://registry.npmjs.org/fresh cache-miss
44 http fetch GET 200 https://registry.npmjs.org/fresh 22ms (cache revalidated)
45 silly packumentCache full:https://registry.npmjs.org/fresh set size:25427 disposed:false
46 silly fetch manifest cookie@^0.7.1
47 silly packumentCache full:https://registry.npmjs.org/cookie cache-miss
48 http fetch GET 200 https://registry.npmjs.org/cookie 25ms (cache revalidated)
49 silly packumentCache full:https://registry.npmjs.org/cookie set size:67180 disposed:false
50 silly fetch manifest router@^2.2.0
51 silly packumentCache full:https://registry.npmjs.org/router cache-miss
52 http fetch GET 200 https://registry.npmjs.org/router 25ms (cache revalidated)
53 silly packumentCache full:https://registry.npmjs.org/router set size:116499 disposed:false
54 silly fetch manifest accepts@^2.0.0
55 silly packumentCache full:https://registry.npmjs.org/accepts cache-miss
56 http fetch GET 200 https://registry.npmjs.org/accepts 24ms (cache revalidated)
57 silly packumentCache full:https://registry.npmjs.org/accepts set size:77054 disposed:false
58 silly fetch manifest type-is@^2.0.1
59 silly packumentCache full:https://registry.npmjs.org/type-is cache-miss
60 http fetch GET 200 https://registry.npmjs.org/type-is 26ms (cache revalidated)
61 silly packumentCache full:https://registry.npmjs.org/type-is set size:86196 disposed:false
62 silly fetch manifest parseurl@^1.3.3
63 silly packumentCache full:https://registry.npmjs.org/parseurl cache-miss
64 http fetch GET 200 https://registry.npmjs.org/parseurl 24ms (cache revalidated)
65 silly packumentCache full:https://registry.npmjs.org/parseurl set size:24148 disposed:false
66 silly fetch manifest statuses@^2.0.1
67 silly packumentCache full:https://registry.npmjs.org/statuses cache-miss
68 http fetch GET 200 https://registry.npmjs.org/statuses 35ms (cache revalidated)
69 silly packumentCache full:https://registry.npmjs.org/statuses set size:37117 disposed:false
70 silly fetch manifest encodeurl@^2.0.0
71 silly packumentCache full:https://registry.npmjs.org/encodeurl cache-miss
72 http fetch GET 200 https://registry.npmjs.org/encodeurl 21ms (cache revalidated)
73 silly packumentCache full:https://registry.npmjs.org/encodeurl set size:12296 disposed:false
74 silly fetch manifest mime-types@^3.0.0
75 silly packumentCache full:https://registry.npmjs.org/mime-types cache-miss
76 http fetch GET 200 https://registry.npmjs.org/mime-types 23ms (cache revalidated)
77 silly packumentCache full:https://registry.npmjs.org/mime-types set size:136716 disposed:false
78 silly fetch manifest proxy-addr@^2.0.7
79 silly packumentCache full:https://registry.npmjs.org/proxy-addr cache-miss
80 http fetch GET 200 https://registry.npmjs.org/proxy-addr 26ms (cache revalidated)
81 silly packumentCache full:https://registry.npmjs.org/proxy-addr set size:61619 disposed:false
82 silly fetch manifest body-parser@^2.2.0
83 silly packumentCache full:https://registry.npmjs.org/body-parser cache-miss
84 http fetch GET 200 https://registry.npmjs.org/body-parser 28ms (cache revalidated)
85 silly packumentCache full:https://registry.npmjs.org/body-parser set size:209520 disposed:false
86 silly fetch manifest escape-html@^1.0.3
87 silly packumentCache full:https://registry.npmjs.org/escape-html cache-miss
88 http fetch GET 200 https://registry.npmjs.org/escape-html 21ms (cache revalidated)
89 silly packumentCache full:https://registry.npmjs.org/escape-html set size:7345 disposed:false
90 silly fetch manifest http-errors@^2.0.0
91 silly packumentCache full:https://registry.npmjs.org/http-errors cache-miss
92 http fetch GET 200 https://registry.npmjs.org/http-errors 30ms (cache revalidated)
93 silly packumentCache full:https://registry.npmjs.org/http-errors set size:69537 disposed:false
94 silly fetch manifest on-finished@^2.4.1
95 silly packumentCache full:https://registry.npmjs.org/on-finished cache-miss
96 http fetch GET 200 https://registry.npmjs.org/on-finished 26ms (cache revalidated)
97 silly packumentCache full:https://registry.npmjs.org/on-finished set size:23212 disposed:false
98 silly fetch manifest content-type@^1.0.5
99 silly packumentCache full:https://registry.npmjs.org/content-type cache-miss
100 http fetch GET 200 https://registry.npmjs.org/content-type 22ms (cache revalidated)
101 silly packumentCache full:https://registry.npmjs.org/content-type set size:17311 disposed:false
102 silly fetch manifest finalhandler@^2.1.0
103 silly packumentCache full:https://registry.npmjs.org/finalhandler cache-miss
104 http fetch GET 200 https://registry.npmjs.org/finalhandler 22ms (cache revalidated)
105 silly packumentCache full:https://registry.npmjs.org/finalhandler set size:74406 disposed:false
106 silly fetch manifest range-parser@^1.2.1
107 silly packumentCache full:https://registry.npmjs.org/range-parser cache-miss
108 http fetch GET 200 https://registry.npmjs.org/range-parser 25ms (cache revalidated)
109 silly packumentCache full:https://registry.npmjs.org/range-parser set size:22228 disposed:false
110 silly fetch manifest serve-static@^2.2.0
111 silly packumentCache full:https://registry.npmjs.org/serve-static cache-miss
112 http fetch GET 200 https://registry.npmjs.org/serve-static 31ms (cache revalidated)
113 silly packumentCache full:https://registry.npmjs.org/serve-static set size:145938 disposed:false
114 silly fetch manifest cookie-signature@^1.2.1
115 silly packumentCache full:https://registry.npmjs.org/cookie-signature cache-miss
116 http fetch GET 200 https://registry.npmjs.org/cookie-signature 21ms (cache revalidated)
117 silly packumentCache full:https://registry.npmjs.org/cookie-signature set size:21777 disposed:false
118 silly fetch manifest merge-descriptors@^2.0.0
119 silly packumentCache full:https://registry.npmjs.org/merge-descriptors cache-miss
120 http fetch GET 200 https://registry.npmjs.org/merge-descriptors 26ms (cache revalidated)
121 silly packumentCache full:https://registry.npmjs.org/merge-descriptors set size:16527 disposed:false
122 silly fetch manifest content-disposition@^1.0.0
123 silly packumentCache full:https://registry.npmjs.org/content-disposition cache-miss
124 http fetch GET 200 https://registry.npmjs.org/content-disposition 25ms (cache revalidated)
125 silly packumentCache full:https://registry.npmjs.org/content-disposition set size:26893 disposed:false
126 silly placeDep ROOT accepts@2.0.0 OK for: express@5.1.0 want: ^2.0.0
127 silly placeDep ROOT body-parser@2.2.0 OK for: express@5.1.0 want: ^2.2.0
128 silly placeDep ROOT content-disposition@1.0.0 OK for: express@5.1.0 want: ^1.0.0
129 silly placeDep ROOT content-type@1.0.5 OK for: express@5.1.0 want: ^1.0.5
130 silly placeDep ROOT cookie@0.7.2 OK for: express@5.1.0 want: ^0.7.1
131 silly placeDep ROOT cookie-signature@1.2.2 OK for: express@5.1.0 want: ^1.2.1
132 silly placeDep ROOT debug@4.4.3 OK for: express@5.1.0 want: ^4.4.0
133 silly placeDep ROOT encodeurl@2.0.0 OK for: express@5.1.0 want: ^2.0.0
134 silly placeDep ROOT escape-html@1.0.3 OK for: express@5.1.0 want: ^1.0.3
135 silly placeDep ROOT etag@1.8.1 OK for: express@5.1.0 want: ^1.8.1
136 silly placeDep ROOT finalhandler@2.1.0 OK for: express@5.1.0 want: ^2.1.0
137 silly placeDep ROOT fresh@2.0.0 OK for: express@5.1.0 want: ^2.0.0
138 silly placeDep ROOT http-errors@2.0.0 OK for: express@5.1.0 want: ^2.0.0
139 silly placeDep ROOT merge-descriptors@2.0.0 OK for: express@5.1.0 want: ^2.0.0
140 silly placeDep ROOT mime-types@3.0.1 OK for: express@5.1.0 want: ^3.0.0
141 silly placeDep ROOT on-finished@2.4.1 OK for: express@5.1.0 want: ^2.4.1
142 silly placeDep ROOT once@1.4.0 OK for: express@5.1.0 want: ^1.4.0
143 silly placeDep ROOT parseurl@1.3.3 OK for: express@5.1.0 want: ^1.3.3
144 silly placeDep ROOT proxy-addr@2.0.7 OK for: express@5.1.0 want: ^2.0.7
145 silly placeDep ROOT qs@6.14.0 OK for: express@5.1.0 want: ^6.14.0
146 silly placeDep ROOT range-parser@1.2.1 OK for: express@5.1.0 want: ^1.2.1
147 silly placeDep ROOT router@2.2.0 OK for: express@5.1.0 want: ^2.2.0
148 silly placeDep ROOT send@1.2.0 OK for: express@5.1.0 want: ^1.1.0
149 silly placeDep ROOT serve-static@2.2.0 OK for: express@5.1.0 want: ^2.2.0
150 silly placeDep ROOT statuses@2.0.2 OK for: express@5.1.0 want: ^2.0.1
151 silly placeDep ROOT type-is@2.0.1 OK for: express@5.1.0 want: ^2.0.1
152 silly placeDep ROOT vary@1.1.2 OK for: express@5.1.0 want: ^1.1.2
153 silly fetch manifest negotiator@^1.0.0
154 silly packumentCache full:https://registry.npmjs.org/negotiator cache-miss
155 http fetch GET 200 https://registry.npmjs.org/negotiator 30ms (cache revalidated)
156 silly packumentCache full:https://registry.npmjs.org/negotiator set size:48046 disposed:false
157 silly fetch manifest bytes@^3.1.2
158 silly packumentCache full:https://registry.npmjs.org/bytes cache-miss
159 http fetch GET 200 https://registry.npmjs.org/bytes 28ms (cache revalidated)
160 silly packumentCache full:https://registry.npmjs.org/bytes set size:37018 disposed:false
161 silly fetch manifest iconv-lite@^0.6.3
162 silly packumentCache full:https://registry.npmjs.org/iconv-lite cache-miss
163 http fetch GET 200 https://registry.npmjs.org/iconv-lite 22ms (cache miss)
164 silly packumentCache full:https://registry.npmjs.org/iconv-lite set size:undefined disposed:false
165 silly fetch manifest raw-body@^3.0.0
166 silly packumentCache full:https://registry.npmjs.org/raw-body cache-miss
167 http fetch GET 200 https://registry.npmjs.org/raw-body 28ms (cache revalidated)
168 silly packumentCache full:https://registry.npmjs.org/raw-body set size:111234 disposed:false
169 silly fetch manifest type-is@^2.0.0
170 silly packumentCache full:https://registry.npmjs.org/type-is cache-hit
171 silly fetch manifest safe-buffer@5.2.1
172 silly packumentCache full:https://registry.npmjs.org/safe-buffer cache-miss
173 http fetch GET 200 https://registry.npmjs.org/safe-buffer 21ms (cache miss)
174 silly packumentCache full:https://registry.npmjs.org/safe-buffer set size:undefined disposed:false
175 silly fetch manifest ms@^2.1.3
176 silly packumentCache full:https://registry.npmjs.org/ms cache-miss
177 http fetch GET 200 https://registry.npmjs.org/ms 27ms (cache miss)
178 silly packumentCache full:https://registry.npmjs.org/ms set size:undefined disposed:false
179 silly fetch manifest depd@2.0.0
180 silly packumentCache full:https://registry.npmjs.org/depd cache-miss
181 http fetch GET 200 https://registry.npmjs.org/depd 32ms (cache revalidated)
182 silly packumentCache full:https://registry.npmjs.org/depd set size:40182 disposed:false
183 silly fetch manifest inherits@2.0.4
184 silly packumentCache full:https://registry.npmjs.org/inherits cache-miss
185 http fetch GET 200 https://registry.npmjs.org/inherits 22ms (cache revalidated)
186 silly packumentCache full:https://registry.npmjs.org/inherits set size:12925 disposed:false
187 silly fetch manifest statuses@2.0.1
188 silly packumentCache full:https://registry.npmjs.org/statuses cache-hit
189 silly fetch manifest toidentifier@1.0.1
190 silly packumentCache full:https://registry.npmjs.org/toidentifier cache-miss
191 http fetch GET 200 https://registry.npmjs.org/toidentifier 20ms (cache revalidated)
192 silly packumentCache full:https://registry.npmjs.org/toidentifier set size:12006 disposed:false
193 silly fetch manifest setprototypeof@1.2.0
194 silly packumentCache full:https://registry.npmjs.org/setprototypeof cache-miss
195 http fetch GET 200 https://registry.npmjs.org/setprototypeof 24ms (cache revalidated)
196 silly packumentCache full:https://registry.npmjs.org/setprototypeof set size:14532 disposed:false
197 silly fetch manifest mime-db@^1.54.0
198 silly packumentCache full:https://registry.npmjs.org/mime-db cache-miss
199 http fetch GET 200 https://registry.npmjs.org/mime-db 22ms (cache revalidated)
200 silly packumentCache full:https://registry.npmjs.org/mime-db set size:164953 disposed:false
201 silly fetch manifest ee-first@1.1.1
202 silly packumentCache full:https://registry.npmjs.org/ee-first cache-miss
203 http fetch GET 200 https://registry.npmjs.org/ee-first 25ms (cache revalidated)
204 silly packumentCache full:https://registry.npmjs.org/ee-first set size:15327 disposed:false
205 silly fetch manifest wrappy@1
206 silly packumentCache full:https://registry.npmjs.org/wrappy cache-miss
207 http fetch GET 200 https://registry.npmjs.org/wrappy 22ms (cache revalidated)
208 silly packumentCache full:https://registry.npmjs.org/wrappy set size:7682 disposed:false
209 silly fetch manifest forwarded@0.2.0
210 silly packumentCache full:https://registry.npmjs.org/forwarded cache-miss
211 http fetch GET 200 https://registry.npmjs.org/forwarded 23ms (cache revalidated)
212 silly packumentCache full:https://registry.npmjs.org/forwarded set size:11229 disposed:false
213 silly fetch manifest ipaddr.js@1.9.1
214 silly packumentCache full:https://registry.npmjs.org/ipaddr.js cache-miss
215 http fetch GET 200 https://registry.npmjs.org/ipaddr.js 23ms (cache revalidated)
216 silly packumentCache full:https://registry.npmjs.org/ipaddr.js set size:65942 disposed:false
217 silly fetch manifest side-channel@^1.1.0
218 silly packumentCache full:https://registry.npmjs.org/side-channel cache-miss
219 http fetch GET 200 https://registry.npmjs.org/side-channel 21ms (cache revalidated)
220 silly packumentCache full:https://registry.npmjs.org/side-channel set size:24660 disposed:false
221 silly fetch manifest depd@^2.0.0
222 silly packumentCache full:https://registry.npmjs.org/depd cache-hit
223 silly fetch manifest is-promise@^4.0.0
224 silly packumentCache full:https://registry.npmjs.org/is-promise cache-miss
225 http fetch GET 200 https://registry.npmjs.org/is-promise 21ms (cache revalidated)
226 silly packumentCache full:https://registry.npmjs.org/is-promise set size:18599 disposed:false
227 silly fetch manifest path-to-regexp@^8.0.0
228 silly packumentCache full:https://registry.npmjs.org/path-to-regexp cache-miss
229 http fetch GET 200 https://registry.npmjs.org/path-to-regexp 23ms (cache revalidated)
230 silly packumentCache full:https://registry.npmjs.org/path-to-regexp set size:207142 disposed:false
231 silly fetch manifest media-typer@^1.1.0
232 silly packumentCache full:https://registry.npmjs.org/media-typer cache-miss
233 http fetch GET 200 https://registry.npmjs.org/media-typer 23ms (cache revalidated)
234 silly packumentCache full:https://registry.npmjs.org/media-typer set size:20873 disposed:false
235 silly placeDep ROOT negotiator@1.0.0 OK for: accepts@2.0.0 want: ^1.0.0
236 silly placeDep ROOT bytes@3.1.2 OK for: body-parser@2.2.0 want: ^3.1.2
237 silly placeDep ROOT iconv-lite@0.6.3 OK for: body-parser@2.2.0 want: ^0.6.3
238 silly placeDep ROOT raw-body@3.0.1 OK for: body-parser@2.2.0 want: ^3.0.0
239 silly fetch manifest safer-buffer@>= 2.1.2 < 3.0.0
240 silly packumentCache full:https://registry.npmjs.org/safer-buffer cache-miss
241 http fetch GET 200 https://registry.npmjs.org/safer-buffer 23ms (cache miss)
242 silly packumentCache full:https://registry.npmjs.org/safer-buffer set size:undefined disposed:false
243 silly fetch manifest iconv-lite@0.7.0
244 silly packumentCache full:https://registry.npmjs.org/iconv-lite cache-miss
245 http cache https://registry.npmjs.org/iconv-lite 2ms (cache hit)
246 silly packumentCache full:https://registry.npmjs.org/iconv-lite set size:118890 disposed:false
247 silly fetch manifest unpipe@1.0.0
248 silly packumentCache full:https://registry.npmjs.org/unpipe cache-miss
249 http fetch GET 200 https://registry.npmjs.org/unpipe 26ms (cache revalidated)
250 silly packumentCache full:https://registry.npmjs.org/unpipe set size:3537 disposed:false
251 silly placeDep ROOT safe-buffer@5.2.1 OK for: content-disposition@1.0.0 want: 5.2.1
252 silly placeDep ROOT ms@2.1.3 OK for: debug@4.4.3 want: ^2.1.3
253 silly placeDep ROOT depd@2.0.0 OK for: http-errors@2.0.0 want: 2.0.0
254 silly placeDep ROOT inherits@2.0.4 OK for: http-errors@2.0.0 want: 2.0.4
255 silly placeDep ROOT setprototypeof@1.2.0 OK for: http-errors@2.0.0 want: 1.2.0
256 silly placeDep node_modules/http-errors statuses@2.0.1 OK for: http-errors@2.0.0 want: 2.0.1
257 silly placeDep ROOT toidentifier@1.0.1 OK for: http-errors@2.0.0 want: 1.0.1
258 silly placeDep ROOT safer-buffer@2.1.2 OK for: iconv-lite@0.6.3 want: >= 2.1.2 < 3.0.0
259 silly placeDep ROOT mime-db@1.54.0 OK for: mime-types@3.0.1 want: ^1.54.0
260 silly placeDep ROOT ee-first@1.1.1 OK for: on-finished@2.4.1 want: 1.1.1
261 silly placeDep ROOT wrappy@1.0.2 OK for: once@1.4.0 want: 1
262 silly placeDep ROOT forwarded@0.2.0 OK for: proxy-addr@2.0.7 want: 0.2.0
263 silly placeDep ROOT ipaddr.js@1.9.1 OK for: proxy-addr@2.0.7 want: 1.9.1
264 silly placeDep ROOT side-channel@1.1.0 OK for: qs@6.14.0 want: ^1.1.0
265 silly fetch manifest es-errors@^1.3.0
266 silly packumentCache full:https://registry.npmjs.org/es-errors cache-miss
267 http fetch GET 200 https://registry.npmjs.org/es-errors 32ms (cache revalidated)
268 silly packumentCache full:https://registry.npmjs.org/es-errors set size:16918 disposed:false
269 silly fetch manifest object-inspect@^1.13.3
270 silly packumentCache full:https://registry.npmjs.org/object-inspect cache-miss
271 http fetch GET 200 https://registry.npmjs.org/object-inspect 22ms (cache revalidated)
272 silly packumentCache full:https://registry.npmjs.org/object-inspect set size:101912 disposed:false
273 silly fetch manifest side-channel-list@^1.0.0
274 silly packumentCache full:https://registry.npmjs.org/side-channel-list cache-miss
275 http fetch GET 200 https://registry.npmjs.org/side-channel-list 24ms (cache revalidated)
276 silly packumentCache full:https://registry.npmjs.org/side-channel-list set size:6005 disposed:false
277 silly fetch manifest side-channel-map@^1.0.1
278 silly packumentCache full:https://registry.npmjs.org/side-channel-map cache-miss
279 http fetch GET 200 https://registry.npmjs.org/side-channel-map 26ms (cache revalidated)
280 silly packumentCache full:https://registry.npmjs.org/side-channel-map set size:9126 disposed:false
281 silly fetch manifest side-channel-weakmap@^1.0.2
282 silly packumentCache full:https://registry.npmjs.org/side-channel-weakmap cache-miss
283 http fetch GET 200 https://registry.npmjs.org/side-channel-weakmap 22ms (cache revalidated)
284 silly packumentCache full:https://registry.npmjs.org/side-channel-weakmap set size:12620 disposed:false
285 silly placeDep node_modules/raw-body iconv-lite@0.7.0 OK for: raw-body@3.0.1 want: 0.7.0
286 silly placeDep ROOT unpipe@1.0.0 OK for: raw-body@3.0.1 want: 1.0.0
287 silly placeDep ROOT is-promise@4.0.0 OK for: router@2.2.0 want: ^4.0.0
288 silly placeDep ROOT path-to-regexp@8.3.0 OK for: router@2.2.0 want: ^8.0.0
289 silly placeDep ROOT es-errors@1.3.0 OK for: side-channel@1.1.0 want: ^1.3.0
290 silly placeDep ROOT object-inspect@1.13.4 OK for: side-channel@1.1.0 want: ^1.13.3
291 silly placeDep ROOT side-channel-list@1.0.0 OK for: side-channel@1.1.0 want: ^1.0.0
292 silly placeDep ROOT side-channel-map@1.0.1 OK for: side-channel@1.1.0 want: ^1.0.1
293 silly placeDep ROOT side-channel-weakmap@1.0.2 OK for: side-channel@1.1.0 want: ^1.0.2
294 silly fetch manifest call-bound@^1.0.2
295 silly packumentCache full:https://registry.npmjs.org/call-bound cache-miss
296 http fetch GET 200 https://registry.npmjs.org/call-bound 21ms (cache revalidated)
297 silly packumentCache full:https://registry.npmjs.org/call-bound set size:15317 disposed:false
298 silly fetch manifest get-intrinsic@^1.2.5
299 silly packumentCache full:https://registry.npmjs.org/get-intrinsic cache-miss
300 http fetch GET 200 https://registry.npmjs.org/get-intrinsic 22ms (cache revalidated)
301 silly packumentCache full:https://registry.npmjs.org/get-intrinsic set size:60985 disposed:false
302 silly placeDep ROOT call-bound@1.0.4 OK for: side-channel-map@1.0.1 want: ^1.0.2
303 silly placeDep ROOT get-intrinsic@1.3.0 OK for: side-channel-map@1.0.1 want: ^1.2.5
304 silly fetch manifest call-bind-apply-helpers@^1.0.2
305 silly packumentCache full:https://registry.npmjs.org/call-bind-apply-helpers cache-miss
306 http fetch GET 200 https://registry.npmjs.org/call-bind-apply-helpers 35ms (cache revalidated)
307 silly packumentCache full:https://registry.npmjs.org/call-bind-apply-helpers set size:12744 disposed:false
308 silly fetch manifest get-intrinsic@^1.3.0
309 silly packumentCache full:https://registry.npmjs.org/get-intrinsic cache-hit
310 silly fetch manifest gopd@^1.2.0
311 silly packumentCache full:https://registry.npmjs.org/gopd cache-miss
312 http fetch GET 200 https://registry.npmjs.org/gopd 22ms (cache revalidated)
313 silly packumentCache full:https://registry.npmjs.org/gopd set size:11458 disposed:false
314 silly fetch manifest hasown@^2.0.2
315 silly packumentCache full:https://registry.npmjs.org/hasown cache-miss
316 http fetch GET 200 https://registry.npmjs.org/hasown 24ms (cache miss)
317 silly packumentCache full:https://registry.npmjs.org/hasown set size:undefined disposed:false
318 silly fetch manifest get-proto@^1.0.1
319 silly packumentCache full:https://registry.npmjs.org/get-proto cache-miss
320 http fetch GET 200 https://registry.npmjs.org/get-proto 26ms (cache revalidated)
321 silly packumentCache full:https://registry.npmjs.org/get-proto set size:8300 disposed:false
322 silly fetch manifest has-symbols@^1.1.0
323 silly packumentCache full:https://registry.npmjs.org/has-symbols cache-miss
324 http fetch GET 200 https://registry.npmjs.org/has-symbols 20ms (cache revalidated)
325 silly packumentCache full:https://registry.npmjs.org/has-symbols set size:21550 disposed:false
326 silly fetch manifest function-bind@^1.1.2
327 silly packumentCache full:https://registry.npmjs.org/function-bind cache-miss
328 http fetch GET 200 https://registry.npmjs.org/function-bind 34ms (cache miss)
329 silly packumentCache full:https://registry.npmjs.org/function-bind set size:undefined disposed:false
330 silly fetch manifest es-object-atoms@^1.1.1
331 silly packumentCache full:https://registry.npmjs.org/es-object-atoms cache-miss
332 http fetch GET 200 https://registry.npmjs.org/es-object-atoms 22ms (cache revalidated)
333 silly packumentCache full:https://registry.npmjs.org/es-object-atoms set size:15304 disposed:false
334 silly fetch manifest math-intrinsics@^1.1.0
335 silly packumentCache full:https://registry.npmjs.org/math-intrinsics cache-miss
336 http fetch GET 200 https://registry.npmjs.org/math-intrinsics 23ms (cache revalidated)
337 silly packumentCache full:https://registry.npmjs.org/math-intrinsics set size:9265 disposed:false
338 silly fetch manifest es-define-property@^1.0.1
339 silly packumentCache full:https://registry.npmjs.org/es-define-property cache-miss
340 http fetch GET 200 https://registry.npmjs.org/es-define-property 23ms (cache revalidated)
341 silly packumentCache full:https://registry.npmjs.org/es-define-property set size:8542 disposed:false
342 silly placeDep ROOT call-bind-apply-helpers@1.0.2 OK for: call-bound@1.0.4 want: ^1.0.2
343 silly placeDep ROOT function-bind@1.1.2 OK for: call-bind-apply-helpers@1.0.2 want: ^1.1.2
344 silly placeDep ROOT es-define-property@1.0.1 OK for: get-intrinsic@1.3.0 want: ^1.0.1
345 silly placeDep ROOT es-object-atoms@1.1.1 OK for: get-intrinsic@1.3.0 want: ^1.1.1
346 silly placeDep ROOT get-proto@1.0.1 OK for: get-intrinsic@1.3.0 want: ^1.0.1
347 silly placeDep ROOT gopd@1.2.0 OK for: get-intrinsic@1.3.0 want: ^1.2.0
348 silly placeDep ROOT has-symbols@1.1.0 OK for: get-intrinsic@1.3.0 want: ^1.1.0
349 silly placeDep ROOT hasown@2.0.2 OK for: get-intrinsic@1.3.0 want: ^2.0.2
350 silly placeDep ROOT math-intrinsics@1.1.0 OK for: get-intrinsic@1.3.0 want: ^1.1.0
351 silly fetch manifest dunder-proto@^1.0.1
352 silly packumentCache full:https://registry.npmjs.org/dunder-proto cache-miss
353 http fetch GET 200 https://registry.npmjs.org/dunder-proto 32ms (cache revalidated)
354 silly packumentCache full:https://registry.npmjs.org/dunder-proto set size:8256 disposed:false
355 silly placeDep ROOT dunder-proto@1.0.1 OK for: get-proto@1.0.1 want: ^1.0.1
356 silly placeDep ROOT media-typer@1.1.0 OK for: type-is@2.0.1 want: ^1.1.0
357 silly reify moves {}
358 silly audit bulk request {
358 silly audit   daemon: [ '1.1.0' ],
358 silly audit   init: [ '0.1.2' ],
358 silly audit   express: [ '5.1.0' ],
358 silly audit   accepts: [ '2.0.0' ],
358 silly audit   'body-parser': [ '2.2.0' ],
358 silly audit   'content-disposition': [ '1.0.0' ],
358 silly audit   'content-type': [ '1.0.5' ],
358 silly audit   cookie: [ '0.7.2' ],
358 silly audit   'cookie-signature': [ '1.2.2' ],
358 silly audit   debug: [ '4.4.3' ],
358 silly audit   encodeurl: [ '2.0.0' ],
358 silly audit   'escape-html': [ '1.0.3' ],
358 silly audit   etag: [ '1.8.1' ],
358 silly audit   finalhandler: [ '2.1.0' ],
358 silly audit   fresh: [ '2.0.0' ],
358 silly audit   'http-errors': [ '2.0.0' ],
358 silly audit   'merge-descriptors': [ '2.0.0' ],
358 silly audit   'mime-types': [ '3.0.1' ],
358 silly audit   'on-finished': [ '2.4.1' ],
358 silly audit   once: [ '1.4.0' ],
358 silly audit   parseurl: [ '1.3.3' ],
358 silly audit   'proxy-addr': [ '2.0.7' ],
358 silly audit   qs: [ '6.14.0' ],
358 silly audit   'range-parser': [ '1.2.1' ],
358 silly audit   router: [ '2.2.0' ],
358 silly audit   send: [ '1.2.0' ],
358 silly audit   'serve-static': [ '2.2.0' ],
358 silly audit   statuses: [ '2.0.2', '2.0.1' ],
358 silly audit   'type-is': [ '2.0.1' ],
358 silly audit   vary: [ '1.1.2' ],
358 silly audit   negotiator: [ '1.0.0' ],
358 silly audit   bytes: [ '3.1.2' ],
358 silly audit   'iconv-lite': [ '0.6.3', '0.7.0' ],
358 silly audit   'raw-body': [ '3.0.1' ],
358 silly audit   'safe-buffer': [ '5.2.1' ],
358 silly audit   ms: [ '2.1.3' ],
358 silly audit   depd: [ '2.0.0' ],
358 silly audit   inherits: [ '2.0.4' ],
358 silly audit   setprototypeof: [ '1.2.0' ],
358 silly audit   toidentifier: [ '1.0.1' ],
358 silly audit   'safer-buffer': [ '2.1.2' ],
358 silly audit   'mime-db': [ '1.54.0' ],
358 silly audit   'ee-first': [ '1.1.1' ],
358 silly audit   wrappy: [ '1.0.2' ],
358 silly audit   forwarded: [ '0.2.0' ],
358 silly audit   'ipaddr.js': [ '1.9.1' ],
358 silly audit   'side-channel': [ '1.1.0' ],
358 silly audit   unpipe: [ '1.0.0' ],
358 silly audit   'is-promise': [ '4.0.0' ],
358 silly audit   'path-to-regexp': [ '8.3.0' ],
358 silly audit   'es-errors': [ '1.3.0' ],
358 silly audit   'object-inspect': [ '1.13.4' ],
358 silly audit   'side-channel-list': [ '1.0.0' ],
358 silly audit   'side-channel-map': [ '1.0.1' ],
358 silly audit   'side-channel-weakmap': [ '1.0.2' ],
358 silly audit   'call-bound': [ '1.0.4' ],
358 silly audit   'get-intrinsic': [ '1.3.0' ],
358 silly audit   'call-bind-apply-helpers': [ '1.0.2' ],
358 silly audit   'function-bind': [ '1.1.2' ],
358 silly audit   'es-define-property': [ '1.0.1' ],
358 silly audit   'es-object-atoms': [ '1.1.1' ],
358 silly audit   'get-proto': [ '1.0.1' ],
358 silly audit   gopd: [ '1.2.0' ],
358 silly audit   'has-symbols': [ '1.1.0' ],
358 silly audit   hasown: [ '2.0.2' ],
358 silly audit   'math-intrinsics': [ '1.1.0' ],
358 silly audit   'dunder-proto': [ '1.0.1' ],
358 silly audit   'media-typer': [ '1.1.0' ]
358 silly audit }
359 http cache media-typer@https://registry.npmjs.org/media-typer/-/media-typer-1.1.0.tgz 0ms (cache hit)
360 http cache dunder-proto@https://registry.npmjs.org/dunder-proto/-/dunder-proto-1.0.1.tgz 0ms (cache hit)
361 http cache math-intrinsics@https://registry.npmjs.org/math-intrinsics/-/math-intrinsics-1.1.0.tgz 0ms (cache hit)
362 http cache hasown@https://registry.npmjs.org/hasown/-/hasown-2.0.2.tgz 0ms (cache hit)
363 http cache has-symbols@https://registry.npmjs.org/has-symbols/-/has-symbols-1.1.0.tgz 0ms (cache hit)
364 http cache get-proto@https://registry.npmjs.org/get-proto/-/get-proto-1.0.1.tgz 0ms (cache hit)
365 http cache gopd@https://registry.npmjs.org/gopd/-/gopd-1.2.0.tgz 0ms (cache hit)
366 http cache es-object-atoms@https://registry.npmjs.org/es-object-atoms/-/es-object-atoms-1.1.1.tgz 0ms (cache hit)
367 http cache es-define-property@https://registry.npmjs.org/es-define-property/-/es-define-property-1.0.1.tgz 0ms (cache hit)
368 http cache function-bind@https://registry.npmjs.org/function-bind/-/function-bind-1.1.2.tgz 0ms (cache hit)
369 http cache call-bind-apply-helpers@https://registry.npmjs.org/call-bind-apply-helpers/-/call-bind-apply-helpers-1.0.2.tgz 0ms (cache hit)
370 http cache get-intrinsic@https://registry.npmjs.org/get-intrinsic/-/get-intrinsic-1.3.0.tgz 0ms (cache hit)
371 http cache call-bound@https://registry.npmjs.org/call-bound/-/call-bound-1.0.4.tgz 0ms (cache hit)
372 http cache side-channel-weakmap@https://registry.npmjs.org/side-channel-weakmap/-/side-channel-weakmap-1.0.2.tgz 0ms (cache hit)
373 http cache side-channel-map@https://registry.npmjs.org/side-channel-map/-/side-channel-map-1.0.1.tgz 0ms (cache hit)
374 http cache side-channel-list@https://registry.npmjs.org/side-channel-list/-/side-channel-list-1.0.0.tgz 0ms (cache hit)
375 http cache object-inspect@https://registry.npmjs.org/object-inspect/-/object-inspect-1.13.4.tgz 0ms (cache hit)
376 http cache es-errors@https://registry.npmjs.org/es-errors/-/es-errors-1.3.0.tgz 0ms (cache hit)
377 http cache path-to-regexp@https://registry.npmjs.org/path-to-regexp/-/path-to-regexp-8.3.0.tgz 0ms (cache hit)
378 http cache is-promise@https://registry.npmjs.org/is-promise/-/is-promise-4.0.0.tgz 0ms (cache hit)
379 http cache unpipe@https://registry.npmjs.org/unpipe/-/unpipe-1.0.0.tgz 0ms (cache hit)
380 http cache side-channel@https://registry.npmjs.org/side-channel/-/side-channel-1.1.0.tgz 0ms (cache hit)
381 http cache forwarded@https://registry.npmjs.org/forwarded/-/forwarded-0.2.0.tgz 0ms (cache hit)
382 http cache ipaddr.js@https://registry.npmjs.org/ipaddr.js/-/ipaddr.js-1.9.1.tgz 0ms (cache hit)
383 http cache wrappy@https://registry.npmjs.org/wrappy/-/wrappy-1.0.2.tgz 0ms (cache hit)
384 http cache ee-first@https://registry.npmjs.org/ee-first/-/ee-first-1.1.1.tgz 0ms (cache hit)
385 http cache safer-buffer@https://registry.npmjs.org/safer-buffer/-/safer-buffer-2.1.2.tgz 0ms (cache hit)
386 http cache toidentifier@https://registry.npmjs.org/toidentifier/-/toidentifier-1.0.1.tgz 0ms (cache hit)
387 http cache setprototypeof@https://registry.npmjs.org/setprototypeof/-/setprototypeof-1.2.0.tgz 0ms (cache hit)
388 http cache inherits@https://registry.npmjs.org/inherits/-/inherits-2.0.4.tgz 0ms (cache hit)
389 http cache depd@https://registry.npmjs.org/depd/-/depd-2.0.0.tgz 0ms (cache hit)
390 http cache ms@https://registry.npmjs.org/ms/-/ms-2.1.3.tgz 0ms (cache hit)
391 http cache safe-buffer@https://registry.npmjs.org/safe-buffer/-/safe-buffer-5.2.1.tgz 0ms (cache hit)
392 http cache raw-body@https://registry.npmjs.org/raw-body/-/raw-body-3.0.1.tgz 0ms (cache hit)
393 http cache bytes@https://registry.npmjs.org/bytes/-/bytes-3.1.2.tgz 0ms (cache hit)
394 http cache iconv-lite@https://registry.npmjs.org/iconv-lite/-/iconv-lite-0.6.3.tgz 0ms (cache hit)
395 http cache negotiator@https://registry.npmjs.org/negotiator/-/negotiator-1.0.0.tgz 0ms (cache hit)
396 http cache vary@https://registry.npmjs.org/vary/-/vary-1.1.2.tgz 0ms (cache hit)
397 http cache type-is@https://registry.npmjs.org/type-is/-/type-is-2.0.1.tgz 0ms (cache hit)
398 http cache statuses@https://registry.npmjs.org/statuses/-/statuses-2.0.2.tgz 0ms (cache hit)
399 http cache serve-static@https://registry.npmjs.org/serve-static/-/serve-static-2.2.0.tgz 0ms (cache hit)
400 http cache send@https://registry.npmjs.org/send/-/send-1.2.0.tgz 0ms (cache hit)
401 http cache router@https://registry.npmjs.org/router/-/router-2.2.0.tgz 0ms (cache hit)
402 http cache range-parser@https://registry.npmjs.org/range-parser/-/range-parser-1.2.1.tgz 0ms (cache hit)
403 http cache qs@https://registry.npmjs.org/qs/-/qs-6.14.0.tgz 1ms (cache hit)
404 http cache proxy-addr@https://registry.npmjs.org/proxy-addr/-/proxy-addr-2.0.7.tgz 0ms (cache hit)
405 http cache parseurl@https://registry.npmjs.org/parseurl/-/parseurl-1.3.3.tgz 0ms (cache hit)
406 http cache once@https://registry.npmjs.org/once/-/once-1.4.0.tgz 0ms (cache hit)
407 http cache on-finished@https://registry.npmjs.org/on-finished/-/on-finished-2.4.1.tgz 0ms (cache hit)
408 http cache mime-types@https://registry.npmjs.org/mime-types/-/mime-types-3.0.1.tgz 0ms (cache hit)
409 http cache merge-descriptors@https://registry.npmjs.org/merge-descriptors/-/merge-descriptors-2.0.0.tgz 0ms (cache hit)
410 http cache http-errors@https://registry.npmjs.org/http-errors/-/http-errors-2.0.0.tgz 0ms (cache hit)
411 http cache fresh@https://registry.npmjs.org/fresh/-/fresh-2.0.0.tgz 0ms (cache hit)
412 http cache finalhandler@https://registry.npmjs.org/finalhandler/-/finalhandler-2.1.0.tgz 0ms (cache hit)
413 http cache etag@https://registry.npmjs.org/etag/-/etag-1.8.1.tgz 0ms (cache hit)
414 http cache escape-html@https://registry.npmjs.org/escape-html/-/escape-html-1.0.3.tgz 0ms (cache hit)
415 http cache encodeurl@https://registry.npmjs.org/encodeurl/-/encodeurl-2.0.0.tgz 0ms (cache hit)
416 http cache debug@https://registry.npmjs.org/debug/-/debug-4.4.3.tgz 0ms (cache hit)
417 http cache cookie-signature@https://registry.npmjs.org/cookie-signature/-/cookie-signature-1.2.2.tgz 1ms (cache hit)
418 http cache cookie@https://registry.npmjs.org/cookie/-/cookie-0.7.2.tgz 0ms (cache hit)
419 http cache content-type@https://registry.npmjs.org/content-type/-/content-type-1.0.5.tgz 0ms (cache hit)
420 http cache content-disposition@https://registry.npmjs.org/content-disposition/-/content-disposition-1.0.0.tgz 0ms (cache hit)
421 http cache body-parser@https://registry.npmjs.org/body-parser/-/body-parser-2.2.0.tgz 0ms (cache hit)
422 http cache accepts@https://registry.npmjs.org/accepts/-/accepts-2.0.0.tgz 0ms (cache hit)
423 http cache express@https://registry.npmjs.org/express/-/express-5.1.0.tgz 0ms (cache hit)
424 http cache iconv-lite@https://registry.npmjs.org/iconv-lite/-/iconv-lite-0.7.0.tgz 0ms (cache hit)
425 http cache statuses@https://registry.npmjs.org/statuses/-/statuses-2.0.1.tgz 0ms (cache hit)
426 http cache mime-db@https://registry.npmjs.org/mime-db/-/mime-db-1.54.0.tgz 0ms (cache hit)
427 silly tarball no local data for hasown@https://registry.npmjs.org/hasown/-/hasown-2.0.2.tgz. Extracting by manifest.
428 silly tarball no local data for function-bind@https://registry.npmjs.org/function-bind/-/function-bind-1.1.2.tgz. Extracting by manifest.
429 silly tarball no local data for safer-buffer@https://registry.npmjs.org/safer-buffer/-/safer-buffer-2.1.2.tgz. Extracting by manifest.
430 silly tarball no local data for ms@https://registry.npmjs.org/ms/-/ms-2.1.3.tgz. Extracting by manifest.
431 silly tarball no local data for safe-buffer@https://registry.npmjs.org/safe-buffer/-/safe-buffer-5.2.1.tgz. Extracting by manifest.
432 silly tarball no local data for debug@https://registry.npmjs.org/debug/-/debug-4.4.3.tgz. Extracting by manifest.
433 http fetch POST 200 https://registry.npmjs.org/-/npm/v1/security/advisories/bulk 275ms
434 silly audit report {}
435 http fetch GET 200 https://registry.npmjs.org/ms/-/ms-2.1.3.tgz 375ms (cache miss)
436 http fetch GET 200 https://registry.npmjs.org/hasown/-/hasown-2.0.2.tgz 396ms (cache miss)
437 http fetch GET 200 https://registry.npmjs.org/safer-buffer/-/safer-buffer-2.1.2.tgz 387ms (cache miss)
438 http fetch GET 200 https://registry.npmjs.org/safe-buffer/-/safe-buffer-5.2.1.tgz 384ms (cache miss)
439 http fetch GET 200 https://registry.npmjs.org/function-bind/-/function-bind-1.1.2.tgz 403ms (cache miss)
440 http fetch GET 200 https://registry.npmjs.org/debug/-/debug-4.4.3.tgz 363ms (cache miss)
441 silly ADD node_modules/media-typer
442 silly ADD node_modules/dunder-proto
443 silly ADD node_modules/math-intrinsics
444 silly ADD node_modules/hasown
445 silly ADD node_modules/has-symbols
446 silly ADD node_modules/gopd
447 silly ADD node_modules/get-proto
448 silly ADD node_modules/es-object-atoms
449 silly ADD node_modules/es-define-property
450 silly ADD node_modules/function-bind
451 silly ADD node_modules/call-bind-apply-helpers
452 silly ADD node_modules/get-intrinsic
453 silly ADD node_modules/call-bound
454 silly ADD node_modules/side-channel-weakmap
455 silly ADD node_modules/side-channel-map
456 silly ADD node_modules/side-channel-list
457 silly ADD node_modules/object-inspect
458 silly ADD node_modules/es-errors
459 silly ADD node_modules/path-to-regexp
460 silly ADD node_modules/is-promise
461 silly ADD node_modules/unpipe
462 silly ADD node_modules/side-channel
463 silly ADD node_modules/ipaddr.js
464 silly ADD node_modules/forwarded
465 silly ADD node_modules/wrappy
466 silly ADD node_modules/ee-first
467 silly ADD node_modules/mime-db
468 silly ADD node_modules/safer-buffer
469 silly ADD node_modules/toidentifier
470 silly ADD node_modules/setprototypeof
471 silly ADD node_modules/inherits
472 silly ADD node_modules/depd
473 silly ADD node_modules/ms
474 silly ADD node_modules/safe-buffer
475 silly ADD node_modules/raw-body
476 silly ADD node_modules/raw-body/node_modules/iconv-lite
477 silly ADD node_modules/iconv-lite
478 silly ADD node_modules/bytes
479 silly ADD node_modules/negotiator
480 silly ADD node_modules/vary
481 silly ADD node_modules/type-is
482 silly ADD node_modules/statuses
483 silly ADD node_modules/serve-static
484 silly ADD node_modules/send
485 silly ADD node_modules/router
486 silly ADD node_modules/range-parser
487 silly ADD node_modules/qs
488 silly ADD node_modules/proxy-addr
489 silly ADD node_modules/parseurl
490 silly ADD node_modules/once
491 silly ADD node_modules/on-finished
492 silly ADD node_modules/mime-types
493 silly ADD node_modules/merge-descriptors
494 silly ADD node_modules/http-errors
495 silly ADD node_modules/http-errors/node_modules/statuses
496 silly ADD node_modules/fresh
497 silly ADD node_modules/finalhandler
498 silly ADD node_modules/etag
499 silly ADD node_modules/escape-html
500 silly ADD node_modules/encodeurl
501 silly ADD node_modules/debug
502 silly ADD node_modules/cookie-signature
503 silly ADD node_modules/cookie
504 silly ADD node_modules/content-type
505 silly ADD node_modules/content-disposition
506 silly ADD node_modules/body-parser
507 silly ADD node_modules/accepts
508 silly ADD node_modules/express
509 verbose cwd /home/ubuntu
510 verbose os Linux 6.14.0-1014-aws
511 verbose node v22.19.0
512 verbose npm  v10.9.3
513 verbose exit 0
514 info ok
